Archive member included to satisfy reference by file (symbol)

C:/MaximSDK/Libraries/PeriphDrivers/bin/MAX78000/softfp/libPeriphDriver_softfp.a(mxc_delay.o)
                              c:/Users/Ian/Documents/Github/Senior_Design/RTOS/build/tft_ssd2119.o (MXC_Delay)
C:/MaximSDK/Libraries/PeriphDrivers/bin/MAX78000/softfp/libPeriphDriver_softfp.a(nvic_table.o)
                              c:/Users/Ian/Documents/Github/Senior_Design/RTOS/build/camera.o (MXC_NVIC_SetVector)
C:/MaximSDK/Libraries/PeriphDrivers/bin/MAX78000/softfp/libPeriphDriver_softfp.a(pins_ai85.o)
                              c:/Users/Ian/Documents/Github/Senior_Design/RTOS/build/camera.o (gpio_cfg_pcif_xclk)
C:/MaximSDK/Libraries/PeriphDrivers/bin/MAX78000/softfp/libPeriphDriver_softfp.a(sys_ai85.o)
                              c:/Users/Ian/Documents/Github/Senior_Design/RTOS/build/board.o (MXC_SYS_ClockEnable)
C:/MaximSDK/Libraries/PeriphDrivers/bin/MAX78000/softfp/libPeriphDriver_softfp.a(aes_me17.o)
                              C:/MaximSDK/Libraries/PeriphDrivers/bin/MAX78000/softfp/libPeriphDriver_softfp.a(sys_ai85.o) (MXC_AES_Init)
C:/MaximSDK/Libraries/PeriphDrivers/bin/MAX78000/softfp/libPeriphDriver_softfp.a(aes_revb.o)
                              C:/MaximSDK/Libraries/PeriphDrivers/bin/MAX78000/softfp/libPeriphDriver_softfp.a(aes_me17.o) (MXC_AES_RevB_Init)
C:/MaximSDK/Libraries/PeriphDrivers/bin/MAX78000/softfp/libPeriphDriver_softfp.a(cameraif_ai85.o)
                              c:/Users/Ian/Documents/Github/Senior_Design/RTOS/build/camera.o (MXC_PCIF_Init)
C:/MaximSDK/Libraries/PeriphDrivers/bin/MAX78000/softfp/libPeriphDriver_softfp.a(cameraif_reva.o)
                              C:/MaximSDK/Libraries/PeriphDrivers/bin/MAX78000/softfp/libPeriphDriver_softfp.a(cameraif_ai85.o) (MXC_PCIF_RevA_SetDatawidth)
C:/MaximSDK/Libraries/PeriphDrivers/bin/MAX78000/softfp/libPeriphDriver_softfp.a(dma_me17.o)
                              C:/MaximSDK/Libraries/PeriphDrivers/bin/MAX78000/softfp/libPeriphDriver_softfp.a(aes_revb.o) (MXC_DMA_Init)
C:/MaximSDK/Libraries/PeriphDrivers/bin/MAX78000/softfp/libPeriphDriver_softfp.a(dma_reva.o)
                              C:/MaximSDK/Libraries/PeriphDrivers/bin/MAX78000/softfp/libPeriphDriver_softfp.a(dma_me17.o) (MXC_DMA_RevA_Init)
C:/MaximSDK/Libraries/PeriphDrivers/bin/MAX78000/softfp/libPeriphDriver_softfp.a(flc_me17.o)
                              C:/MaximSDK/Libraries/PeriphDrivers/bin/MAX78000/softfp/libPeriphDriver_softfp.a(sys_ai85.o) (MXC_FLC_UnlockInfoBlock)
C:/MaximSDK/Libraries/PeriphDrivers/bin/MAX78000/softfp/libPeriphDriver_softfp.a(flc_reva.o)
                              C:/MaximSDK/Libraries/PeriphDrivers/bin/MAX78000/softfp/libPeriphDriver_softfp.a(flc_me17.o) (MXC_FLC_RevA_Busy)
C:/MaximSDK/Libraries/PeriphDrivers/bin/MAX78000/softfp/libPeriphDriver_softfp.a(gpio_ai85.o)
                              c:/Users/Ian/Documents/Github/Senior_Design/RTOS/build/main.o (MXC_GPIO_Config)
C:/MaximSDK/Libraries/PeriphDrivers/bin/MAX78000/softfp/libPeriphDriver_softfp.a(gpio_reva.o)
                              C:/MaximSDK/Libraries/PeriphDrivers/bin/MAX78000/softfp/libPeriphDriver_softfp.a(gpio_ai85.o) (MXC_GPIO_RevA_InGet)
C:/MaximSDK/Libraries/PeriphDrivers/bin/MAX78000/softfp/libPeriphDriver_softfp.a(icc_me17.o)
                              c:/Users/Ian/Documents/Github/Senior_Design/RTOS/build/system_max78000.o (MXC_ICC_Enable)
C:/MaximSDK/Libraries/PeriphDrivers/bin/MAX78000/softfp/libPeriphDriver_softfp.a(icc_reva.o)
                              C:/MaximSDK/Libraries/PeriphDrivers/bin/MAX78000/softfp/libPeriphDriver_softfp.a(icc_me17.o) (MXC_ICC_RevA_ID)
C:/MaximSDK/Libraries/PeriphDrivers/bin/MAX78000/softfp/libPeriphDriver_softfp.a(lp_ai85.o)
                              c:/Users/Ian/Documents/Github/Senior_Design/RTOS/build/freertos_tickless.o (MXC_LP_EnterSleepMode)
C:/MaximSDK/Libraries/PeriphDrivers/bin/MAX78000/softfp/libPeriphDriver_softfp.a(pt_ai85.o)
                              c:/Users/Ian/Documents/Github/Senior_Design/RTOS/build/camera.o (MXC_PT_Init)
C:/MaximSDK/Libraries/PeriphDrivers/bin/MAX78000/softfp/libPeriphDriver_softfp.a(pt_reva.o)
                              C:/MaximSDK/Libraries/PeriphDrivers/bin/MAX78000/softfp/libPeriphDriver_softfp.a(pt_ai85.o) (MXC_PT_RevA_Init)
C:/MaximSDK/Libraries/PeriphDrivers/bin/MAX78000/softfp/libPeriphDriver_softfp.a(spi_me17.o)
                              c:/Users/Ian/Documents/Github/Senior_Design/RTOS/build/board.o (MXC_SPI_Init)
C:/MaximSDK/Libraries/PeriphDrivers/bin/MAX78000/softfp/libPeriphDriver_softfp.a(spi_reva1.o)
                              C:/MaximSDK/Libraries/PeriphDrivers/bin/MAX78000/softfp/libPeriphDriver_softfp.a(spi_me17.o) (MXC_SPI_RevA1_Init)
C:/MaximSDK/Libraries/PeriphDrivers/bin/MAX78000/softfp/libPeriphDriver_softfp.a(trng_revb.o)
[...]
Memory Configuration

Name             Origin             Length             Attributes
ROM              0x00000000         0x00010000         xr
FLASH            0x10000000         0x00080000         xr
SRAM             0x20000000         0x00020000         xrw
*default*        0x00000000         0xffffffff

Linker script and memory map

LOAD c:/maximsdk/tools/gnutools/10.3/bin/../lib/gcc/arm-none-eabi/10.3.1/thumb/v7e-m+fp/softfp/crti.o
LOAD c:/maximsdk/tools/gnutools/10.3/bin/../lib/gcc/arm-none-eabi/10.3.1/thumb/v7e-m+fp/softfp/crtbegin.o
LOAD c:/maximsdk/tools/gnutools/10.3/bin/../lib/gcc/arm-none-eabi/10.3.1/../../../../arm-none-eabi/lib/thumb/v7e-m+fp/softfp/crt0.o
LOAD c:/Users/Ian/Documents/Github/Senior_Design/RTOS/build/CLI-commands.o
LOAD c:/Users/Ian/Documents/Github/Senior_Design/RTOS/build/freertos_tickless.o
LOAD c:/Users/Ian/Documents/Github/Senior_Design/RTOS/build/main.o
LOAD c:/Users/Ian/Documents/Github/Senior_Design/RTOS/build/board.o
LOAD c:/Users/Ian/Documents/Github/Senior_Design/RTOS/build/stdio.o
LOAD c:/Users/Ian/Documents/Github/Senior_Design/RTOS/build/led.o
LOAD c:/Users/Ian/Documents/Github/Senior_Design/RTOS/build/pb.o
LOAD c:/Users/Ian/Documents/Github/Senior_Design/RTOS/build/tft_ssd2119.o
LOAD c:/Users/Ian/Documents/Github/Senior_Design/RTOS/build/tsc2046.o
LOAD c:/Users/Ian/Documents/Github/Senior_Design/RTOS/build/camera.o
LOAD c:/Users/Ian/Documents/Github/Senior_Design/RTOS/build/ov7692.o
LOAD c:/Users/Ian/Documents/Github/Senior_Design/RTOS/build/sccb.o
LOAD c:/Users/Ian/Documents/Github/Senior_Design/RTOS/build/FreeRTOS_CLI.o
LOAD c:/Users/Ian/Documents/Github/Senior_Design/RTOS/build/startup_max78000.o
LOAD c:/Users/Ian/Documents/Github/Senior_Design/RTOS/build/heap.o
LOAD c:/Users/Ian/Documents/Github/Senior_Design/RTOS/build/system_max78000.o
START GROUP
LOAD C:/MaximSDK/Libraries/PeriphDrivers/bin/MAX78000/softfp/libPeriphDriver_softfp.a
LOAD c:/Users/Ian/Documents/Github/Senior_Design/RTOS/build/FreeRTOS/librtos.a
LOAD c:/maximsdk/tools/gnutools/10.3/bin/../lib/gcc/arm-none-eabi/10.3.1/../../../../arm-none-eabi/lib/thumb/v7e-m+fp/softfp\libc.a
LOAD c:/maximsdk/tools/gnutools/10.3/bin/../lib/gcc/arm-none-eabi/10.3.1/../../../../arm-none-eabi/lib/thumb/v7e-m+fp/softfp\libm.a
LOAD c:/maximsdk/tools/gnutools/10.3/bin/../lib/gcc/arm-none-eabi/10.3.1/../../../../arm-none-eabi/lib/thumb/v7e-m+fp/softfp\libnosys.a
END GROUP
START GROUP
LOAD c:/maximsdk/tools/gnutools/10.3/bin/../lib/gcc/arm-none-eabi/10.3.1/thumb/v7e-m+fp/softfp\libgcc.a
LOAD c:/maximsdk/tools/gnutools/10.3/bin/../lib/gcc/arm-none-eabi/10.3.1/../../../../arm-none-eabi/lib/thumb/v7e-m+fp/softfp\libc.a
END GROUP
LOAD c:/maximsdk/tools/gnutools/10.3/bin/../lib/gcc/arm-none-eabi/10.3.1/thumb/v7e-m+fp/softfp/crtend.o
LOAD c:/maximsdk/tools/gnutools/10.3/bin/../lib/gcc/arm-none-eabi/10.3.1/thumb/v7e-m+fp/softfp/crtn.o

.rom
 *(.rom_vector)
 *(.rom_handlers*)

.text           0x10000000     0xd5b4
                0x10000000                _text = .
 *(.isr_vector)
 .isr_vector    0x10000000      0x1e0 c:/Users/Ian/Documents/Github/Senior_Design/RTOS/build/startup_max78000.o
                0x10000000                __isr_vector
 EXCLUDE_FILE(*riscv.o) *(.text*)
 .text          0x100001e0       0x40 c:/maximsdk/tools/gnutools/10.3/bin/../lib/gcc/arm-none-eabi/10.3.1/thumb/v7e-m+fp/softfp/crtbegin.o
 .text.prvTickless
                0x10000220       0x70 c:/Users/Ian/Documents/Github/Senior_Design/RTOS/build/CLI-commands.o
 .text.prvParameterEchoCommand
                0x10000290       0x84 c:/Users/Ian/Documents/Github/Senior_Design/RTOS/build/CLI-commands.o
 .text.prvThreeParameterEchoCommand
                0x10000314       0x84 c:/Users/Ian/Documents/Github/Senior_Design/RTOS/build/CLI-commands.o
 .text.prvUptimeCommand
                0x10000398       0x24 c:/Users/Ian/Documents/Github/Senior_Design/RTOS/build/CLI-commands.o
 .text.prvTaskStatsCommand
                0x100003bc       0x20 c:/Users/Ian/Documents/Github/Senior_Design/RTOS/build/CLI-commands.o
 .text.vRegisterCLICommands
                0x100003dc       0x38 c:/Users/Ian/Documents/Github/Senior_Design/RTOS/build/CLI-commands.o
                0x100003dc                vRegisterCLICommands
 .text.wutHitSnooze
                0x10000414       0x20 c:/Users/Ian/Documents/Github/Senior_Design/RTOS/build/freertos_tickless.o
                0x10000414                wutHitSnooze
 .text.vTask0   0x10000434       0x38 c:/Users/Ian/Documents/Github/Senior_Design/RTOS/build/main.o
                0x10000434                vTask0
 .text.vTask1   0x1000046c       0x50 c:/Users/Ian/Documents/Github/Senior_Design/RTOS/build/main.o
                0x1000046c                vTask1
 .text.vTickTockTask
                0x100004bc       0x50 c:/Users/Ian/Documents/Github/Senior_Design/RTOS/build/main.o
                0x100004bc                vTickTockTask
 .text.vCmdLineTask
                0x1000050c      0x1a8 c:/Users/Ian/Documents/Github/Senior_Design/RTOS/build/main.o
                0x1000050c                vCmdLineTask
 .text.vCmdLineTask_cb
                0x100006b4       0x34 c:/Users/Ian/Documents/Github/Senior_Design/RTOS/build/main.o
                0x100006b4                vCmdLineTask_cb
 .text.UART0_IRQHandler
                0x100006e8       0x18 c:/Users/Ian/Documents/Github/Senior_Design/RTOS/build/main.o
                0x100006e8                UART0_IRQHandler
 .text.WUT_IRQHandler
                0x10000700       0x18 c:/Users/Ian/Documents/Github/Senior_Design/RTOS/build/main.o
                0x10000700                WUT_IRQHandler
 .text.startup.main
                0x10000718      0x130 c:/Users/Ian/Documents/Github/Senior_Design/RTOS/build/main.o
                0x10000718                main
 .text.mxc_assert
                0x10000848       0x10 c:/Users/Ian/Documents/Github/Senior_Design/RTOS/build/board.o
                0x10000848                mxc_assert
 .text.GPIO2_IRQHandler
                0x10000858        0x8 c:/Users/Ian/Documents/Github/Senior_Design/RTOS/build/board.o
                0x10000858                GPIO2_IRQHandler
 .text.Board_Init
                0x10000860       0xec c:/Users/Ian/Documents/Github/Senior_Design/RTOS/build/board.o
                0x10000860                Board_Init
 .text.NMI_Handler
                0x1000094c        0x4 c:/Users/Ian/Documents/Github/Senior_Design/RTOS/build/board.o
                0x1000094c                NMI_Handler
 .text._close   0x10000950        0x8 c:/Users/Ian/Documents/Github/Senior_Design/RTOS/build/stdio.o
                0x10000950                _close
 .text._isatty  0x10000958        0x8 c:/Users/Ian/Documents/Github/Senior_Design/RTOS/build/stdio.o
                0x10000958                _isatty
 .text._lseek   0x10000960        0x8 c:/Users/Ian/Documents/Github/Senior_Design/RTOS/build/stdio.o
                0x10000960                _lseek
 .text._fstat   0x10000968        0x8 c:/Users/Ian/Documents/Github/Senior_Design/RTOS/build/stdio.o
                0x10000968                _fstat
 .text._read    0x10000970       0x50 c:/Users/Ian/Documents/Github/Senior_Design/RTOS/build/stdio.o
                0x10000970                _read
 .text._write   0x100009c0       0x54 c:/Users/Ian/Documents/Github/Senior_Design/RTOS/build/stdio.o
                0x100009c0                _write
 .text.LED_Init
                0x10000a14       0x40 c:/Users/Ian/Documents/Github/Senior_Design/RTOS/build/led.o
                0x10000a14                LED_Init
 .text.LED_On   0x10000a54       0x40 c:/Users/Ian/Documents/Github/Senior_Design/RTOS/build/led.o
                0x10000a54                LED_On
 .text.LED_Off  0x10000a94       0x40 c:/Users/Ian/Documents/Github/Senior_Design/RTOS/build/led.o
                0x10000a94                LED_Off
 .text.PB_Init  0x10000ad4       0x38 c:/Users/Ian/Documents/Github/Senior_Design/RTOS/build/pb.o
                0x10000ad4                PB_Init
 .text.MXC_TFT_PreInit
                0x10000b0c       0x78 c:/Users/Ian/Documents/Github/Senior_Design/RTOS/build/tft_ssd2119.o
                0x10000b0c                MXC_TFT_PreInit
 .text.MXC_TS_PreInit
                0x10000b84       0x44 c:/Users/Ian/Documents/Github/Senior_Design/RTOS/build/tsc2046.o
                0x10000b84                MXC_TS_PreInit
 .text.prvHelpCommand
                0x10000bc8       0x2c c:/Users/Ian/Documents/Github/Senior_Design/RTOS/build/FreeRTOS_CLI.o
 .text.FreeRTOS_CLIRegisterCommand
                0x10000bf4       0x2c c:/Users/Ian/Documents/Github/Senior_Design/RTOS/build/FreeRTOS_CLI.o
                0x10000bf4                FreeRTOS_CLIRegisterCommand
 .text.FreeRTOS_CLIProcessCommand
                0x10000c20       0xfc c:/Users/Ian/Documents/Github/Senior_Design/RTOS/build/FreeRTOS_CLI.o
                0x10000c20                FreeRTOS_CLIProcessCommand
 .text.FreeRTOS_CLIGetParameter
                0x10000d1c       0x54 c:/Users/Ian/Documents/Github/Senior_Design/RTOS/build/FreeRTOS_CLI.o
                0x10000d1c                FreeRTOS_CLIGetParameter
 .text          0x10000d70      0x148 c:/Users/Ian/Documents/Github/Senior_Design/RTOS/build/startup_max78000.o
                0x10000d70                Reset_Handler
                0x10000dae                HardFault_Handler
                0x10000db0                MemManage_Handler
                0x10000db2                BusFault_Handler
                0x10000db4                UsageFault_Handler
                0x10000db8                DebugMon_Handler
                0x10000dbe                Default_Handler
                0x10000dc0                PF_IRQHandler
                0x10000dc2                WDT0_IRQHandler
                0x10000dc4                RSV02_IRQHandler
                0x10000dc6                RTC_IRQHandler
                0x10000dc8                TRNG_IRQHandler
                0x10000dca                TMR0_IRQHandler
                0x10000dcc                TMR1_IRQHandler
                0x10000dce                TMR2_IRQHandler
                0x10000dd0                TMR3_IRQHandler
                0x10000dd2                TMR4_IRQHandler
                0x10000dd4                TMR5_IRQHandler
                0x10000dd6                RSV11_IRQHandler
                0x10000dd8                RSV12_IRQHandler
                0x10000dda                I2C0_IRQHandler
                0x10000dde                UART1_IRQHandler
                0x10000de0                SPI1_IRQHandler
                0x10000de2                RSV17_IRQHandler
                0x10000de4                RSV18_IRQHandler
                0x10000de6                RSV19_IRQHandler
                0x10000de8                ADC_IRQHandler
                0x10000dea                RSV21_IRQHandler
                0x10000dec                RSV22_IRQHandler
                0x10000dee                FLC0_IRQHandler
                0x10000df0                GPIO0_IRQHandler
                0x10000df2                GPIO1_IRQHandler
                0x10000df6                RSV27_IRQHandler
                0x10000df8                DMA0_IRQHandler
                0x10000dfa                DMA1_IRQHandler
                0x10000dfc                DMA2_IRQHandler
                0x10000dfe                DMA3_IRQHandler
                0x10000e00                RSV32_IRQHandler
                0x10000e02                RSV33_IRQHandler
                0x10000e04                UART2_IRQHandler
                0x10000e06                RSV35_IRQHandler
                0x10000e08                I2C1_IRQHandler
                0x10000e0a                RSV37_IRQHandler
                0x10000e0c                RSV38_IRQHandler
                0x10000e0e                RSV39_IRQHandler
                0x10000e10                RSV40_IRQHandler
                0x10000e12                RSV41_IRQHandler
                0x10000e14                RSV42_IRQHandler
                0x10000e16                RSV43_IRQHandler
                0x10000e18                RSV44_IRQHandler
                0x10000e1a                RSV45_IRQHandler
                0x10000e1c                RSV46_IRQHandler
                0x10000e1e                RSV47_IRQHandler
                0x10000e20                RSV48_IRQHandler
                0x10000e22                RSV49_IRQHandler
                0x10000e24                RSV50_IRQHandler
                0x10000e26                RSV51_IRQHandler
                0x10000e28                RSV52_IRQHandler
                0x10000e2c                GPIOWAKE_IRQHandler
                0x10000e2e                RSV55_IRQHandler
                0x10000e30                SPI0_IRQHandler
                0x10000e32                WDT1_IRQHandler
                0x10000e34                RSV58_IRQHandler
                0x10000e36                PT_IRQHandler
                0x10000e38                RSV60_IRQHandler
                0x10000e3a                RSV61_IRQHandler
                0x10000e3c                I2C2_IRQHandler
                0x10000e3e                RISCV_IRQHandler
                0x10000e40                RSV64_IRQHandler
                0x10000e42                RSV65_IRQHandler
                0x10000e44                RSV66_IRQHandler
                0x10000e46                OWM_IRQHandler
                0x10000e48                RSV68_IRQHandler
                0x10000e4a                RSV69_IRQHandler
                0x10000e4c                RSV70_IRQHandler
                0x10000e4e                RSV71_IRQHandler
                0x10000e50                RSV72_IRQHandler
                0x10000e52                RSV73_IRQHandler
                0x10000e54                RSV74_IRQHandler
                0x10000e56                RSV75_IRQHandler
                0x10000e58                RSV76_IRQHandler
                0x10000e5a                RSV77_IRQHandler
                0x10000e5c                RSV78_IRQHandler
                0x10000e5e                RSV79_IRQHandler
                0x10000e60                RSV80_IRQHandler
                0x10000e62                RSV81_IRQHandler
                0x10000e64                ECC_IRQHandler
                0x10000e66                DVS_IRQHandler
                0x10000e68                SIMO_IRQHandler
                0x10000e6a                RSV85_IRQHandler
                0x10000e6c                RSV86_IRQHandler
                0x10000e6e                RSV87_IRQHandler
                0x10000e70                UART3_IRQHandler
                0x10000e72                RSV89_IRQHandler
                0x10000e74                RSV90_IRQHandler
                0x10000e76                PCIF_IRQHandler
                0x10000e78                RSV92_IRQHandler
                0x10000e7a                RSV93_IRQHandler
                0x10000e7c                RSV94_IRQHandler
                0x10000e7e                RSV95_IRQHandler
                0x10000e80                RSV96_IRQHandler
                0x10000e82                AES_IRQHandler
                0x10000e84                RSV98_IRQHandler
                0x10000e86                I2S_IRQHandler
                0x10000e88                CNN_FIFO_IRQHandler
                0x10000e8a                CNN_IRQHandler
                0x10000e8c                RSV102_IRQHandler
                0x10000e8e                LPCMP_IRQHandler
 .text._sbrk    0x10000eb8       0x3c c:/Users/Ian/Documents/Github/Senior_Design/RTOS/build/heap.o
                0x10000eb8                _sbrk
 .text._getpid  0x10000ef4        0x8 c:/Users/Ian/Documents/Github/Senior_Design/RTOS/build/system_max78000.o
                0x10000ef4                _getpid
 .text._kill    0x10000efc        0x8 c:/Users/Ian/Documents/Github/Senior_Design/RTOS/build/system_max78000.o
                0x10000efc                _kill
 .text.SystemCoreClockUpdate
                0x10000f04       0x68 c:/Users/Ian/Documents/Github/Senior_Design/RTOS/build/system_max78000.o
                0x10000f04                SystemCoreClockUpdate
 .text.PreInit  0x10000f6c        0x4 c:/Users/Ian/Documents/Github/Senior_Design/RTOS/build/system_max78000.o
                0x10000f6c                PreInit
 .text.SystemInit
                0x10000f70       0x38 c:/Users/Ian/Documents/Github/Senior_Design/RTOS/build/system_max78000.o
                0x10000f70                SystemInit
 .text.MXC_DelayInit
                0x10000fa8       0x7c C:/MaximSDK/Libraries/PeriphDrivers/bin/MAX78000/softfp/libPeriphDriver_softfp.a(mxc_delay.o)
 .text.MXC_DelayAsync
                0x10001024       0x3c C:/MaximSDK/Libraries/PeriphDrivers/bin/MAX78000/softfp/libPeriphDriver_softfp.a(mxc_delay.o)
                0x10001024                MXC_DelayAsync
 .text.MXC_DelayCheck
                0x10001060       0x70 C:/MaximSDK/Libraries/PeriphDrivers/bin/MAX78000/softfp/libPeriphDriver_softfp.a(mxc_delay.o)
                0x10001060                MXC_DelayCheck
 .text.MXC_DelayAbort
                0x100010d0       0x34 C:/MaximSDK/Libraries/PeriphDrivers/bin/MAX78000/softfp/libPeriphDriver_softfp.a(mxc_delay.o)
                0x100010d0                MXC_DelayAbort
 .text.MXC_SYS_ClockDisable
                0x10001104       0x44 C:/MaximSDK/Libraries/PeriphDrivers/bin/MAX78000/softfp/libPeriphDriver_softfp.a(sys_ai85.o)
                0x10001104                MXC_SYS_ClockDisable
 .text.MXC_SYS_ClockEnable
                0x10001148       0x4c C:/MaximSDK/Libraries/PeriphDrivers/bin/MAX78000/softfp/libPeriphDriver_softfp.a(sys_ai85.o)
                0x10001148                MXC_SYS_ClockEnable
 .text.MXC_SYS_ClockSourceEnable
                0x10001194       0xf4 C:/MaximSDK/Libraries/PeriphDrivers/bin/MAX78000/softfp/libPeriphDriver_softfp.a(sys_ai85.o)
                0x10001194                MXC_SYS_ClockSourceEnable
 .text.MXC_SYS_Reset_Periph
                0x10001288       0x50 C:/MaximSDK/Libraries/PeriphDrivers/bin/MAX78000/softfp/libPeriphDriver_softfp.a(sys_ai85.o)
                0x10001288                MXC_SYS_Reset_Periph
 .text.MXC_GPIO_Init
                0x100012d8       0x40 C:/MaximSDK/Libraries/PeriphDrivers/bin/MAX78000/softfp/libPeriphDriver_softfp.a(gpio_ai85.o)
                0x100012d8                MXC_GPIO_Init
 .text.MXC_GPIO_Config
                0x10001318      0x220 C:/MaximSDK/Libraries/PeriphDrivers/bin/MAX78000/softfp/libPeriphDriver_softfp.a(gpio_ai85.o)
                0x10001318                MXC_GPIO_Config
 .text.MXC_GPIO_OutSet
                0x10001538       0x30 C:/MaximSDK/Libraries/PeriphDrivers/bin/MAX78000/softfp/libPeriphDriver_softfp.a(gpio_ai85.o)
                0x10001538                MXC_GPIO_OutSet
 .text.MXC_GPIO_OutClr
                0x10001568       0x34 C:/MaximSDK/Libraries/PeriphDrivers/bin/MAX78000/softfp/libPeriphDriver_softfp.a(gpio_ai85.o)
                0x10001568                MXC_GPIO_OutClr
 .text.MXC_GPIO_Handler
                0x1000159c        0x4 C:/MaximSDK/Libraries/PeriphDrivers/bin/MAX78000/softfp/libPeriphDriver_softfp.a(gpio_ai85.o)
                0x1000159c                MXC_GPIO_Handler
 .text.MXC_GPIO_ClearFlags
                0x100015a0       0x18 C:/MaximSDK/Libraries/PeriphDrivers/bin/MAX78000/softfp/libPeriphDriver_softfp.a(gpio_ai85.o)
                0x100015a0                MXC_GPIO_ClearFlags
 .text.MXC_GPIO_GetFlags
                0x100015b8       0x18 C:/MaximSDK/Libraries/PeriphDrivers/bin/MAX78000/softfp/libPeriphDriver_softfp.a(gpio_ai85.o)
                0x100015b8                MXC_GPIO_GetFlags
 .text.MXC_GPIO_RevA_OutSet
                0x100015d0        0x4 C:/MaximSDK/Libraries/PeriphDrivers/bin/MAX78000/softfp/libPeriphDriver_softfp.a(gpio_reva.o)
                0x100015d0                MXC_GPIO_RevA_OutSet
 .text.MXC_GPIO_RevA_OutClr
                0x100015d4        0x4 C:/MaximSDK/Libraries/PeriphDrivers/bin/MAX78000/softfp/libPeriphDriver_softfp.a(gpio_reva.o)
                0x100015d4                MXC_GPIO_RevA_OutClr
 .text.MXC_GPIO_RevA_ClearFlags
                0x100015d8        0x4 C:/MaximSDK/Libraries/PeriphDrivers/bin/MAX78000/softfp/libPeriphDriver_softfp.a(gpio_reva.o)
                0x100015d8                MXC_GPIO_RevA_ClearFlags
 .text.MXC_GPIO_RevA_GetFlags
                0x100015dc        0x4 C:/MaximSDK/Libraries/PeriphDrivers/bin/MAX78000/softfp/libPeriphDriver_softfp.a(gpio_reva.o)
                0x100015dc                MXC_GPIO_RevA_GetFlags
 .text.MXC_GPIO_RevA_SetVSSEL
                0x100015e0       0x30 C:/MaximSDK/Libraries/PeriphDrivers/bin/MAX78000/softfp/libPeriphDriver_softfp.a(gpio_reva.o)
                0x100015e0                MXC_GPIO_RevA_SetVSSEL
 .text.MXC_GPIO_RevA_SetAF
                0x10001610       0x6c C:/MaximSDK/Libraries/PeriphDrivers/bin/MAX78000/softfp/libPeriphDriver_softfp.a(gpio_reva.o)
                0x10001610                MXC_GPIO_RevA_SetAF
 .text.MXC_GPIO_RevA_SetDriveStrength
                0x1000167c       0x74 C:/MaximSDK/Libraries/PeriphDrivers/bin/MAX78000/softfp/libPeriphDriver_softfp.a(gpio_reva.o)
                0x1000167c                MXC_GPIO_RevA_SetDriveStrength
 .text.MXC_ICC_Enable
                0x100016f0        0x4 C:/MaximSDK/Libraries/PeriphDrivers/bin/MAX78000/softfp/libPeriphDriver_softfp.a(icc_me17.o)
                0x100016f0                MXC_ICC_Enable
 .text.MXC_ICC_RevA_Enable
                0x100016f4       0x30 C:/MaximSDK/Libraries/PeriphDrivers/bin/MAX78000/softfp/libPeriphDriver_softfp.a(icc_reva.o)
                0x100016f4                MXC_ICC_RevA_Enable
 .text.MXC_UART_AsyncCallback
                0x10001724        0x4 C:/MaximSDK/Libraries/PeriphDrivers/bin/MAX78000/softfp/libPeriphDriver_softfp.a(uart_ai85.o)
                0x10001724                MXC_UART_AsyncCallback
 .text.MXC_UART_AsyncStop
                0x10001728        0x4 C:/MaximSDK/Libraries/PeriphDrivers/bin/MAX78000/softfp/libPeriphDriver_softfp.a(uart_ai85.o)
                0x10001728                MXC_UART_AsyncStop
 .text.MXC_UART_Shutdown
                0x1000172c       0x70 C:/MaximSDK/Libraries/PeriphDrivers/bin/MAX78000/softfp/libPeriphDriver_softfp.a(uart_ai85.o)
                0x1000172c                MXC_UART_Shutdown
 .text.MXC_UART_Init
                0x1000179c       0xb8 C:/MaximSDK/Libraries/PeriphDrivers/bin/MAX78000/softfp/libPeriphDriver_softfp.a(uart_ai85.o)
                0x1000179c                MXC_UART_Init
 .text.MXC_UART_SetFrequency
                0x10001854       0xcc C:/MaximSDK/Libraries/PeriphDrivers/bin/MAX78000/softfp/libPeriphDriver_softfp.a(uart_ai85.o)
                0x10001854                MXC_UART_SetFrequency
 .text.MXC_UART_GetFrequency
                0x10001920       0x54 C:/MaximSDK/Libraries/PeriphDrivers/bin/MAX78000/softfp/libPeriphDriver_softfp.a(uart_ai85.o)
                0x10001920                MXC_UART_GetFrequency
 .text.MXC_UART_SetDataSize
                0x10001974        0x4 C:/MaximSDK/Libraries/PeriphDrivers/bin/MAX78000/softfp/libPeriphDriver_softfp.a(uart_ai85.o)
                0x10001974                MXC_UART_SetDataSize
 .text.MXC_UART_SetStopBits
                0x10001978        0x4 C:/MaximSDK/Libraries/PeriphDrivers/bin/MAX78000/softfp/libPeriphDriver_softfp.a(uart_ai85.o)
                0x10001978                MXC_UART_SetStopBits
 .text.MXC_UART_SetParity
                0x1000197c        0x4 C:/MaximSDK/Libraries/PeriphDrivers/bin/MAX78000/softfp/libPeriphDriver_softfp.a(uart_ai85.o)
                0x1000197c                MXC_UART_SetParity
 .text.MXC_UART_ReadCharacterRaw
                0x10001980        0x4 C:/MaximSDK/Libraries/PeriphDrivers/bin/MAX78000/softfp/libPeriphDriver_softfp.a(uart_ai85.o)
                0x10001980                MXC_UART_ReadCharacterRaw
 .text.MXC_UART_WriteCharacterRaw
                0x10001984        0x4 C:/MaximSDK/Libraries/PeriphDrivers/bin/MAX78000/softfp/libPeriphDriver_softfp.a(uart_ai85.o)
                0x10001984                MXC_UART_WriteCharacterRaw
 .text.MXC_UART_ReadCharacter
                0x10001988        0x4 C:/MaximSDK/Libraries/PeriphDrivers/bin/MAX78000/softfp/libPeriphDriver_softfp.a(uart_ai85.o)
                0x10001988                MXC_UART_ReadCharacter
 .text.MXC_UART_WriteCharacter
                0x1000198c        0x4 C:/MaximSDK/Libraries/PeriphDrivers/bin/MAX78000/softfp/libPeriphDriver_softfp.a(uart_ai85.o)
                0x1000198c                MXC_UART_WriteCharacter
 .text.MXC_UART_Read
                0x10001990        0x4 C:/MaximSDK/Libraries/PeriphDrivers/bin/MAX78000/softfp/libPeriphDriver_softfp.a(uart_ai85.o)
                0x10001990                MXC_UART_Read
 .text.MXC_UART_ReadRXFIFO
                0x10001994        0x4 C:/MaximSDK/Libraries/PeriphDrivers/bin/MAX78000/softfp/libPeriphDriver_softfp.a(uart_ai85.o)
                0x10001994                MXC_UART_ReadRXFIFO
 .text.MXC_UART_GetRXFIFOAvailable
                0x10001998        0x4 C:/MaximSDK/Libraries/PeriphDrivers/bin/MAX78000/softfp/libPeriphDriver_softfp.a(uart_ai85.o)
                0x10001998                MXC_UART_GetRXFIFOAvailable
 .text.MXC_UART_WriteTXFIFO
                0x1000199c        0x4 C:/MaximSDK/Libraries/PeriphDrivers/bin/MAX78000/softfp/libPeriphDriver_softfp.a(uart_ai85.o)
                0x1000199c                MXC_UART_WriteTXFIFO
 .text.MXC_UART_GetTXFIFOAvailable
                0x100019a0        0x4 C:/MaximSDK/Libraries/PeriphDrivers/bin/MAX78000/softfp/libPeriphDriver_softfp.a(uart_ai85.o)
                0x100019a0                MXC_UART_GetTXFIFOAvailable
 .text.MXC_UART_ClearTXFIFO
                0x100019a4        0x4 C:/MaximSDK/Libraries/PeriphDrivers/bin/MAX78000/softfp/libPeriphDriver_softfp.a(uart_ai85.o)
                0x100019a4                MXC_UART_ClearTXFIFO
 .text.MXC_UART_SetRXThreshold
                0x100019a8        0x4 C:/MaximSDK/Libraries/PeriphDrivers/bin/MAX78000/softfp/libPeriphDriver_softfp.a(uart_ai85.o)
                0x100019a8                MXC_UART_SetRXThreshold
 .text.MXC_UART_GetRXThreshold
                0x100019ac        0x4 C:/MaximSDK/Libraries/PeriphDrivers/bin/MAX78000/softfp/libPeriphDriver_softfp.a(uart_ai85.o)
                0x100019ac                MXC_UART_GetRXThreshold
 .text.MXC_UART_GetFlags
                0x100019b0        0x4 C:/MaximSDK/Libraries/PeriphDrivers/bin/MAX78000/softfp/libPeriphDriver_softfp.a(uart_ai85.o)
                0x100019b0                MXC_UART_GetFlags
 .text.MXC_UART_ClearFlags
                0x100019b4        0x4 C:/MaximSDK/Libraries/PeriphDrivers/bin/MAX78000/softfp/libPeriphDriver_softfp.a(uart_ai85.o)
                0x100019b4                MXC_UART_ClearFlags
 .text.MXC_UART_EnableInt
                0x100019b8        0x4 C:/MaximSDK/Libraries/PeriphDrivers/bin/MAX78000/softfp/libPeriphDriver_softfp.a(uart_ai85.o)
                0x100019b8                MXC_UART_EnableInt
 .text.MXC_UART_DisableInt
                0x100019bc        0x4 C:/MaximSDK/Libraries/PeriphDrivers/bin/MAX78000/softfp/libPeriphDriver_softfp.a(uart_ai85.o)
                0x100019bc                MXC_UART_DisableInt
 .text.MXC_UART_TransactionAsync
                0x100019c0        0x4 C:/MaximSDK/Libraries/PeriphDrivers/bin/MAX78000/softfp/libPeriphDriver_softfp.a(uart_ai85.o)
                0x100019c0                MXC_UART_TransactionAsync
 .text.MXC_UART_AsyncHandler
                0x100019c4        0x4 C:/MaximSDK/Libraries/PeriphDrivers/bin/MAX78000/softfp/libPeriphDriver_softfp.a(uart_ai85.o)
                0x100019c4                MXC_UART_AsyncHandler
 .text.MXC_UART_Common_ReadCharacter
                0x100019c8       0x18 C:/MaximSDK/Libraries/PeriphDrivers/bin/MAX78000/softfp/libPeriphDriver_softfp.a(uart_common.o)
                0x100019c8                MXC_UART_Common_ReadCharacter
 .text.MXC_UART_Common_WriteCharacter
                0x100019e0       0x1c C:/MaximSDK/Libraries/PeriphDrivers/bin/MAX78000/softfp/libPeriphDriver_softfp.a(uart_common.o)
                0x100019e0                MXC_UART_Common_WriteCharacter
 .text.MXC_UART_RevB_Init
                0x100019fc       0x70 C:/MaximSDK/Libraries/PeriphDrivers/bin/MAX78000/softfp/libPeriphDriver_softfp.a(uart_revb.o)
                0x100019fc                MXC_UART_RevB_Init
 .text.MXC_UART_RevB_SetFrequency
                0x10001a6c       0x9c C:/MaximSDK/Libraries/PeriphDrivers/bin/MAX78000/softfp/libPeriphDriver_softfp.a(uart_revb.o)
                0x10001a6c                MXC_UART_RevB_SetFrequency
 .text.MXC_UART_RevB_GetFrequency
                0x10001b08       0x7c C:/MaximSDK/Libraries/PeriphDrivers/bin/MAX78000/softfp/libPeriphDriver_softfp.a(uart_revb.o)
                0x10001b08                MXC_UART_RevB_GetFrequency
 .text.MXC_UART_RevB_SetDataSize
                0x10001b84       0x40 C:/MaximSDK/Libraries/PeriphDrivers/bin/MAX78000/softfp/libPeriphDriver_softfp.a(uart_revb.o)
                0x10001b84                MXC_UART_RevB_SetDataSize
 .text.MXC_UART_RevB_SetStopBits
                0x10001bc4       0x4c C:/MaximSDK/Libraries/PeriphDrivers/bin/MAX78000/softfp/libPeriphDriver_softfp.a(uart_revb.o)
                0x10001bc4                MXC_UART_RevB_SetStopBits
 .text.MXC_UART_RevB_SetParity
                0x10001c10       0xb4 C:/MaximSDK/Libraries/PeriphDrivers/bin/MAX78000/softfp/libPeriphDriver_softfp.a(uart_revb.o)
                0x10001c10                MXC_UART_RevB_SetParity
 .text.MXC_UART_RevB_ReadCharacterRaw
                0x10001cc4       0x38 C:/MaximSDK/Libraries/PeriphDrivers/bin/MAX78000/softfp/libPeriphDriver_softfp.a(uart_revb.o)
                0x10001cc4                MXC_UART_RevB_ReadCharacterRaw
 .text.MXC_UART_RevB_WriteCharacterRaw
                0x10001cfc       0x3c C:/MaximSDK/Libraries/PeriphDrivers/bin/MAX78000/softfp/libPeriphDriver_softfp.a(uart_revb.o)
                0x10001cfc                MXC_UART_RevB_WriteCharacterRaw
 .text.MXC_UART_RevB_Read
                0x10001d38       0x68 C:/MaximSDK/Libraries/PeriphDrivers/bin/MAX78000/softfp/libPeriphDriver_softfp.a(uart_revb.o)
                0x10001d38                MXC_UART_RevB_Read
 .text.MXC_UART_RevB_ReadRXFIFO
                0x10001da0       0x2c C:/MaximSDK/Libraries/PeriphDrivers/bin/MAX78000/softfp/libPeriphDriver_softfp.a(uart_revb.o)
                0x10001da0                MXC_UART_RevB_ReadRXFIFO
 .text.MXC_UART_RevB_GetRXFIFOAvailable
                0x10001dcc        0x8 C:/MaximSDK/Libraries/PeriphDrivers/bin/MAX78000/softfp/libPeriphDriver_softfp.a(uart_revb.o)
                0x10001dcc                MXC_UART_RevB_GetRXFIFOAvailable
 .text.MXC_UART_RevB_WriteTXFIFO
                0x10001dd4       0x2c C:/MaximSDK/Libraries/PeriphDrivers/bin/MAX78000/softfp/libPeriphDriver_softfp.a(uart_revb.o)
                0x10001dd4                MXC_UART_RevB_WriteTXFIFO
 .text.MXC_UART_RevB_GetTXFIFOAvailable
                0x10001e00        0xc C:/MaximSDK/Libraries/PeriphDrivers/bin/MAX78000/softfp/libPeriphDriver_softfp.a(uart_revb.o)
                0x10001e00                MXC_UART_RevB_GetTXFIFOAvailable
 .text.MXC_UART_RevB_ClearTXFIFO
                0x10001e0c       0x3c C:/MaximSDK/Libraries/PeriphDrivers/bin/MAX78000/softfp/libPeriphDriver_softfp.a(uart_revb.o)
                0x10001e0c                MXC_UART_RevB_ClearTXFIFO
 .text.MXC_UART_RevB_SetRXThreshold
                0x10001e48       0x40 C:/MaximSDK/Libraries/PeriphDrivers/bin/MAX78000/softfp/libPeriphDriver_softfp.a(uart_revb.o)
                0x10001e48                MXC_UART_RevB_SetRXThreshold
 .text.MXC_UART_RevB_GetRXThreshold
                0x10001e88        0x8 C:/MaximSDK/Libraries/PeriphDrivers/bin/MAX78000/softfp/libPeriphDriver_softfp.a(uart_revb.o)
                0x10001e88                MXC_UART_RevB_GetRXThreshold
 .text.MXC_UART_RevB_GetFlags
                0x10001e90        0x4 C:/MaximSDK/Libraries/PeriphDrivers/bin/MAX78000/softfp/libPeriphDriver_softfp.a(uart_revb.o)
                0x10001e90                MXC_UART_RevB_GetFlags
 .text.MXC_UART_RevB_ClearFlags
                0x10001e94       0x30 C:/MaximSDK/Libraries/PeriphDrivers/bin/MAX78000/softfp/libPeriphDriver_softfp.a(uart_revb.o)
                0x10001e94                MXC_UART_RevB_ClearFlags
 .text.MXC_UART_RevB_EnableInt
                0x10001ec4       0x34 C:/MaximSDK/Libraries/PeriphDrivers/bin/MAX78000/softfp/libPeriphDriver_softfp.a(uart_revb.o)
                0x10001ec4                MXC_UART_RevB_EnableInt
 .text.MXC_UART_RevB_DisableInt
                0x10001ef8       0x38 C:/MaximSDK/Libraries/PeriphDrivers/bin/MAX78000/softfp/libPeriphDriver_softfp.a(uart_revb.o)
                0x10001ef8                MXC_UART_RevB_DisableInt
 .text.MXC_UART_RevB_TransactionAsync
                0x10001f30      0x1fc C:/MaximSDK/Libraries/PeriphDrivers/bin/MAX78000/softfp/libPeriphDriver_softfp.a(uart_revb.o)
                0x10001f30                MXC_UART_RevB_TransactionAsync
 .text.MXC_UART_RevB_AsyncTxCallback
                0x1000212c       0x58 C:/MaximSDK/Libraries/PeriphDrivers/bin/MAX78000/softfp/libPeriphDriver_softfp.a(uart_revb.o)
                0x1000212c                MXC_UART_RevB_AsyncTxCallback
 .text.MXC_UART_RevB_AsyncRxCallback
                0x10002184       0x58 C:/MaximSDK/Libraries/PeriphDrivers/bin/MAX78000/softfp/libPeriphDriver_softfp.a(uart_revb.o)
                0x10002184                MXC_UART_RevB_AsyncRxCallback
 .text.MXC_UART_RevB_AsyncCallback
                0x100021dc       0x70 C:/MaximSDK/Libraries/PeriphDrivers/bin/MAX78000/softfp/libPeriphDriver_softfp.a(uart_revb.o)
                0x100021dc                MXC_UART_RevB_AsyncCallback
 .text.MXC_UART_RevB_AsyncStop
                0x1000224c       0x38 C:/MaximSDK/Libraries/PeriphDrivers/bin/MAX78000/softfp/libPeriphDriver_softfp.a(uart_revb.o)
                0x1000224c                MXC_UART_RevB_AsyncStop
 .text.MXC_UART_RevB_AsyncHandler
                0x10002284      0x230 C:/MaximSDK/Libraries/PeriphDrivers/bin/MAX78000/softfp/libPeriphDriver_softfp.a(uart_revb.o)
                0x10002284                MXC_UART_RevB_AsyncHandler
 .text.MXC_WUT_GetCount
                0x100024b4        0xc C:/MaximSDK/Libraries/PeriphDrivers/bin/MAX78000/softfp/libPeriphDriver_softfp.a(wut_ai85.o)
                0x100024b4                MXC_WUT_GetCount
 .text.MXC_WUT_IntClear
                0x100024c0        0xc C:/MaximSDK/Libraries/PeriphDrivers/bin/MAX78000/softfp/libPeriphDriver_softfp.a(wut_ai85.o)
                0x100024c0                MXC_WUT_IntClear
 .text.MXC_WUT_RevA_GetCount
                0x100024cc        0x4 C:/MaximSDK/Libraries/PeriphDrivers/bin/MAX78000/softfp/libPeriphDriver_softfp.a(wut_reva.o)
                0x100024cc                MXC_WUT_RevA_GetCount
 .text.MXC_WUT_RevA_IntClear
                0x100024d0        0x8 C:/MaximSDK/Libraries/PeriphDrivers/bin/MAX78000/softfp/libPeriphDriver_softfp.a(wut_reva.o)
                0x100024d0                MXC_WUT_RevA_IntClear
 .text.MXC_GPIO_Common_Init
                0x100024d8       0x24 C:/MaximSDK/Libraries/PeriphDrivers/bin/MAX78000/softfp/libPeriphDriver_softfp.a(gpio_common.o)
                0x100024d8                MXC_GPIO_Common_Init
 .text.MXC_GPIO_Common_Handler
                0x100024fc       0x88 C:/MaximSDK/Libraries/PeriphDrivers/bin/MAX78000/softfp/libPeriphDriver_softfp.a(gpio_common.o)
                0x100024fc                MXC_GPIO_Common_Handler
 .text.prvIsQueueEmpty
                0x10002584       0x16 c:/Users/Ian/Documents/Github/Senior_Design/RTOS/build/FreeRTOS/librtos.a(queue.o)
 .text.prvCopyDataToQueue
                0x1000259a       0x6a c:/Users/Ian/Documents/Github/Senior_Design/RTOS/build/FreeRTOS/librtos.a(queue.o)
 .text.prvUnlockQueue
                0x10002604       0x70 c:/Users/Ian/Documents/Github/Senior_Design/RTOS/build/FreeRTOS/librtos.a(queue.o)
 .text.xQueueGenericReset
                0x10002674       0x7a c:/Users/Ian/Documents/Github/Senior_Design/RTOS/build/FreeRTOS/librtos.a(queue.o)
                0x10002674                xQueueGenericReset
 .text.xQueueGenericSend
                0x100026ee      0x104 c:/Users/Ian/Documents/Github/Senior_Design/RTOS/build/FreeRTOS/librtos.a(queue.o)
                0x100026ee                xQueueGenericSend
 .text.xQueueCreateMutex
                0x100027f2       0x36 c:/Users/Ian/Documents/Github/Senior_Design/RTOS/build/FreeRTOS/librtos.a(queue.o)
                0x100027f2                xQueueCreateMutex
 .text.xQueueSemaphoreTake
                0x10002828      0x126 c:/Users/Ian/Documents/Github/Senior_Design/RTOS/build/FreeRTOS/librtos.a(queue.o)
                0x10002828                xQueueSemaphoreTake
 *fill*         0x1000294e        0x2 
 .text.prvIdleTask
                0x10002950       0x24 c:/Users/Ian/Documents/Github/Senior_Design/RTOS/build/FreeRTOS/librtos.a(tasks.o)
 .text.prvAddCurrentTaskToDelayedList
                0x10002974       0xa4 c:/Users/Ian/Documents/Github/Senior_Design/RTOS/build/FreeRTOS/librtos.a(tasks.o)
 .text.prvResetNextTaskUnblockTime
                0x10002a18       0x24 c:/Users/Ian/Documents/Github/Senior_Design/RTOS/build/FreeRTOS/librtos.a(tasks.o)
 .text.xTaskCreate
                0x10002a3c      0x1c4 c:/Users/Ian/Documents/Github/Senior_Design/RTOS/build/FreeRTOS/librtos.a(tasks.o)
                0x10002a3c                xTaskCreate
 .text.eTaskGetState
                0x10002c00       0x5c c:/Users/Ian/Documents/Github/Senior_Design/RTOS/build/FreeRTOS/librtos.a(tasks.o)
                0x10002c00                eTaskGetState
 .text.vTaskStartScheduler
                0x10002c5c       0x64 c:/Users/Ian/Documents/Github/Senior_Design/RTOS/build/FreeRTOS/librtos.a(tasks.o)
                0x10002c5c                vTaskStartScheduler
 .text.vTaskSuspendAll
                0x10002cc0       0x10 c:/Users/Ian/Documents/Github/Senior_Design/RTOS/build/FreeRTOS/librtos.a(tasks.o)
                0x10002cc0                vTaskSuspendAll
 .text.xTaskGetTickCount
                0x10002cd0        0xc c:/Users/Ian/Documents/Github/Senior_Design/RTOS/build/FreeRTOS/librtos.a(tasks.o)
                0x10002cd0                xTaskGetTickCount
 .text.xTaskIncrementTick
                0x10002cdc      0x160 c:/Users/Ian/Documents/Github/Senior_Design/RTOS/build/FreeRTOS/librtos.a(tasks.o)
                0x10002cdc                xTaskIncrementTick
 .text.xTaskResumeAll
                0x10002e3c      0x128 c:/Users/Ian/Documents/Github/Senior_Design/RTOS/build/FreeRTOS/librtos.a(tasks.o)
                0x10002e3c                xTaskResumeAll
 .text.xTaskDelayUntil
                0x10002f64       0x58 c:/Users/Ian/Documents/Github/Senior_Design/RTOS/build/FreeRTOS/librtos.a(tasks.o)
                0x10002f64                xTaskDelayUntil
 .text.vTaskDelay
                0x10002fbc       0x2e c:/Users/Ian/Documents/Github/Senior_Design/RTOS/build/FreeRTOS/librtos.a(tasks.o)
                0x10002fbc                vTaskDelay
 *fill*         0x10002fea        0x2 
 .text.vTaskSwitchContext
                0x10002fec       0x5c c:/Users/Ian/Documents/Github/Senior_Design/RTOS/build/FreeRTOS/librtos.a(tasks.o)
                0x10002fec                vTaskSwitchContext
 .text.vTaskPlaceOnEventList
                0x10003048       0x20 c:/Users/Ian/Documents/Github/Senior_Design/RTOS/build/FreeRTOS/librtos.a(tasks.o)
                0x10003048                vTaskPlaceOnEventList
 .text.xTaskRemoveFromEventList
                0x10003068       0xbc c:/Users/Ian/Documents/Github/Senior_Design/RTOS/build/FreeRTOS/librtos.a(tasks.o)
                0x10003068                xTaskRemoveFromEventList
 .text.vTaskInternalSetTimeOutState
                0x10003124       0x18 c:/Users/Ian/Documents/Github/Senior_Design/RTOS/build/FreeRTOS/librtos.a(tasks.o)
                0x10003124                vTaskInternalSetTimeOutState
 .text.xTaskCheckForTimeOut
                0x1000313c       0x50 c:/Users/Ian/Documents/Github/Senior_Design/RTOS/build/FreeRTOS/librtos.a(tasks.o)
                0x1000313c                xTaskCheckForTimeOut
 .text.vTaskMissedYield
                0x1000318c        0xc c:/Users/Ian/Documents/Github/Senior_Design/RTOS/build/FreeRTOS/librtos.a(tasks.o)
                0x1000318c                vTaskMissedYield
 .text.vTaskGetInfo
                0x10003198       0x7c c:/Users/Ian/Documents/Github/Senior_Design/RTOS/build/FreeRTOS/librtos.a(tasks.o)
                0x10003198                vTaskGetInfo
 .text.prvListTasksWithinSingleList
                0x10003214       0x5e c:/Users/Ian/Documents/Github/Senior_Design/RTOS/build/FreeRTOS/librtos.a(tasks.o)
 *fill*         0x10003272        0x2 
 .text.uxTaskGetSystemState
                0x10003274       0x90 c:/Users/Ian/Documents/Github/Senior_Design/RTOS/build/FreeRTOS/librtos.a(tasks.o)
                0x10003274                uxTaskGetSystemState
 .text.xTaskPriorityInherit
                0x10003304       0xa4 c:/Users/Ian/Documents/Github/Senior_Design/RTOS/build/FreeRTOS/librtos.a(tasks.o)
                0x10003304                xTaskPriorityInherit
 .text.xTaskPriorityDisinherit
                0x100033a8       0x74 c:/Users/Ian/Documents/Github/Senior_Design/RTOS/build/FreeRTOS/librtos.a(tasks.o)
                0x100033a8                xTaskPriorityDisinherit
 .text.vTaskPriorityDisinheritAfterTimeout
                0x1000341c       0x84 c:/Users/Ian/Documents/Github/Senior_Design/RTOS/build/FreeRTOS/librtos.a(tasks.o)
                0x1000341c                vTaskPriorityDisinheritAfterTimeout
 .text.vTaskList
                0x100034a0       0xc0 c:/Users/Ian/Documents/Github/Senior_Design/RTOS/build/FreeRTOS/librtos.a(tasks.o)
                0x100034a0                vTaskList
 .text.pvTaskIncrementMutexHeldCount
                0x10003560       0x18 c:/Users/Ian/Documents/Github/Senior_Design/RTOS/build/FreeRTOS/librtos.a(tasks.o)
                0x10003560                pvTaskIncrementMutexHeldCount
 .text.ulTaskGenericNotifyTake
                0x10003578       0x84 c:/Users/Ian/Documents/Github/Senior_Design/RTOS/build/FreeRTOS/librtos.a(tasks.o)
                0x10003578                ulTaskGenericNotifyTake
 .text.vTaskGenericNotifyGiveFromISR
                0x100035fc       0xd8 c:/Users/Ian/Documents/Github/Senior_Design/RTOS/build/FreeRTOS/librtos.a(tasks.o)
                0x100035fc                vTaskGenericNotifyGiveFromISR
 .text.prvTaskExitError
                0x100036d4       0x20 c:/Users/Ian/Documents/Github/Senior_Design/RTOS/build/FreeRTOS/librtos.a(port.o)
 .text.prvPortStartFirstTask
                0x100036f4       0x28 c:/Users/Ian/Documents/Github/Senior_Design/RTOS/build/FreeRTOS/librtos.a(port.o)
 .text.vPortEnableVFP
                0x1000371c       0x14 c:/Users/Ian/Documents/Github/Senior_Design/RTOS/build/FreeRTOS/librtos.a(port.o)
 .text.pxPortInitialiseStack
                0x10003730       0x2c c:/Users/Ian/Documents/Github/Senior_Design/RTOS/build/FreeRTOS/librtos.a(port.o)
                0x10003730                pxPortInitialiseStack
 *fill*         0x1000375c        0x4 
 .text.SVC_Handler
                0x10003760       0x24 c:/Users/Ian/Documents/Github/Senior_Design/RTOS/build/FreeRTOS/librtos.a(port.o)
                0x10003760                SVC_Handler
 .text.vPortEnterCritical
                0x10003784       0x20 c:/Users/Ian/Documents/Github/Senior_Design/RTOS/build/FreeRTOS/librtos.a(port.o)
                0x10003784                vPortEnterCritical
 .text.vPortExitCritical
                0x100037a4       0x14 c:/Users/Ian/Documents/Github/Senior_Design/RTOS/build/FreeRTOS/librtos.a(port.o)
                0x100037a4                vPortExitCritical
 *fill*         0x100037b8        0x8 
 .text.PendSV_Handler
                0x100037c0       0x64 c:/Users/Ian/Documents/Github/Senior_Design/RTOS/build/FreeRTOS/librtos.a(port.o)
                0x100037c0                PendSV_Handler
 .text.SysTick_Handler
                0x10003824       0x2c c:/Users/Ian/Documents/Github/Senior_Design/RTOS/build/FreeRTOS/librtos.a(port.o)
                0x10003824                SysTick_Handler
 .text.vPortSetupTimerInterrupt
                0x10003850       0x18 c:/Users/Ian/Documents/Github/Senior_Design/RTOS/build/FreeRTOS/librtos.a(port.o)
                0x10003850                vPortSetupTimerInterrupt
 .text.xPortStartScheduler
                0x10003868       0x4c c:/Users/Ian/Documents/Github/Senior_Design/RTOS/build/FreeRTOS/librtos.a(port.o)
                0x10003868                xPortStartScheduler
 .text.pvPortMalloc
                0x100038b4       0xc0 c:/Users/Ian/Documents/Github/Senior_Design/RTOS/build/FreeRTOS/librtos.a(heap_2.o)
                0x100038b4                pvPortMalloc
 .text.vPortFree
                0x10003974       0x50 c:/Users/Ian/Documents/Github/Senior_Design/RTOS/build/FreeRTOS/librtos.a(heap_2.o)
                0x10003974                vPortFree
 .text.vListInitialise
                0x100039c4       0x16 c:/Users/Ian/Documents/Github/Senior_Design/RTOS/build/FreeRTOS/librtos.a(list.o)
                0x100039c4                vListInitialise
 .text.vListInitialiseItem
                0x100039da        0x6 c:/Users/Ian/Documents/Github/Senior_Design/RTOS/build/FreeRTOS/librtos.a(list.o)
                0x100039da                vListInitialiseItem
 .text.vListInsert
                0x100039e0       0x2e c:/Users/Ian/Documents/Github/Senior_Design/RTOS/build/FreeRTOS/librtos.a(list.o)
                0x100039e0                vListInsert
 .text.uxListRemove
                0x10003a0e       0x20 c:/Users/Ian/Documents/Github/Senior_Design/RTOS/build/FreeRTOS/librtos.a(list.o)
                0x10003a0e                uxListRemove
 *fill*         0x10003a2e        0x2 
 .text.__errno  0x10003a30        0xc c:/maximsdk/tools/gnutools/10.3/bin/../lib/gcc/arm-none-eabi/10.3.1/../../../../arm-none-eabi/lib/thumb/v7e-m+fp/softfp\libc.a(lib_a-errno.o)
                0x10003a30                __errno
 .text.__sflush_r
                0x10003a3c      0x130 c:/maximsdk/tools/gnutools/10.3/bin/../lib/gcc/arm-none-eabi/10.3.1/../../../../arm-none-eabi/lib/thumb/v7e-m+fp/softfp\libc.a(lib_a-fflush.o)
                0x10003a3c                __sflush_r
 .text._fflush_r
                0x10003b6c       0x5c c:/maximsdk/tools/gnutools/10.3/bin/../lib/gcc/arm-none-eabi/10.3.1/../../../../arm-none-eabi/lib/thumb/v7e-m+fp/softfp\libc.a(lib_a-fflush.o)
                0x10003b6c                _fflush_r
 .text.fflush   0x10003bc8       0x74 c:/maximsdk/tools/gnutools/10.3/bin/../lib/gcc/arm-none-eabi/10.3.1/../../../../arm-none-eabi/lib/thumb/v7e-m+fp/softfp\libc.a(lib_a-fflush.o)
                0x10003bc8                fflush
 .text._cleanup_r
                0x10003c3c        0xc c:/maximsdk/tools/gnutools/10.3/bin/../lib/gcc/arm-none-eabi/10.3.1/../../../../arm-none-eabi/lib/thumb/v7e-m+fp/softfp\libc.a(lib_a-findfp.o)
                0x10003c3c                _cleanup_r
 .text.__sinit  0x10003c48      0x10c c:/maximsdk/tools/gnutools/10.3/bin/../lib/gcc/arm-none-eabi/10.3.1/../../../../arm-none-eabi/lib/thumb/v7e-m+fp/softfp\libc.a(lib_a-findfp.o)
                0x10003c48                __sinit
 .text.__sfp_lock_acquire
                0x10003d54        0xc c:/maximsdk/tools/gnutools/10.3/bin/../lib/gcc/arm-none-eabi/10.3.1/../../../../arm-none-eabi/lib/thumb/v7e-m+fp/softfp\libc.a(lib_a-findfp.o)
                0x10003d54                __sfp_lock_acquire
 .text.__sfp_lock_release
                0x10003d60        0xc c:/maximsdk/tools/gnutools/10.3/bin/../lib/gcc/arm-none-eabi/10.3.1/../../../../arm-none-eabi/lib/thumb/v7e-m+fp/softfp\libc.a(lib_a-findfp.o)
                0x10003d60                __sfp_lock_release
 .text._malloc_trim_r
                0x10003d6c       0xa0 c:/maximsdk/tools/gnutools/10.3/bin/../lib/gcc/arm-none-eabi/10.3.1/../../../../arm-none-eabi/lib/thumb/v7e-m+fp/softfp\libc.a(lib_a-freer.o)
                0x10003d6c                _malloc_trim_r
 .text._free_r  0x10003e0c      0x20c c:/maximsdk/tools/gnutools/10.3/bin/../lib/gcc/arm-none-eabi/10.3.1/../../../../arm-none-eabi/lib/thumb/v7e-m+fp/softfp\libc.a(lib_a-freer.o)
                0x10003e0c                _free_r
 .text._fwalk_reent
                0x10004018       0x48 c:/maximsdk/tools/gnutools/10.3/bin/../lib/gcc/arm-none-eabi/10.3.1/../../../../arm-none-eabi/lib/thumb/v7e-m+fp/softfp\libc.a(lib_a-fwalk.o)
                0x10004018                _fwalk_reent
 .text.__libc_init_array
                0x10004060       0x48 c:/maximsdk/tools/gnutools/10.3/bin/../lib/gcc/arm-none-eabi/10.3.1/../../../../arm-none-eabi/lib/thumb/v7e-m+fp/softfp\libc.a(lib_a-init.o)
                0x10004060                __libc_init_array
 .text.__retarget_lock_init_recursive
                0x100040a8        0x4 c:/maximsdk/tools/gnutools/10.3/bin/../lib/gcc/arm-none-eabi/10.3.1/../../../../arm-none-eabi/lib/thumb/v7e-m+fp/softfp\libc.a(lib_a-lock.o)
                0x100040a8                __retarget_lock_init_recursive
 .text.__retarget_lock_close_recursive
                0x100040ac        0x4 c:/maximsdk/tools/gnutools/10.3/bin/../lib/gcc/arm-none-eabi/10.3.1/../../../../arm-none-eabi/lib/thumb/v7e-m+fp/softfp\libc.a(lib_a-lock.o)
                0x100040ac                __retarget_lock_close_recursive
 .text.__retarget_lock_acquire_recursive
                0x100040b0        0x4 c:/maximsdk/tools/gnutools/10.3/bin/../lib/gcc/arm-none-eabi/10.3.1/../../../../arm-none-eabi/lib/thumb/v7e-m+fp/softfp\libc.a(lib_a-lock.o)
                0x100040b0                __retarget_lock_acquire_recursive
 .text.__retarget_lock_release_recursive
                0x100040b4        0x4 c:/maximsdk/tools/gnutools/10.3/bin/../lib/gcc/arm-none-eabi/10.3.1/../../../../arm-none-eabi/lib/thumb/v7e-m+fp/softfp\libc.a(lib_a-lock.o)
                0x100040b4                __retarget_lock_release_recursive
 .text._malloc_r
                0x100040b8      0x560 c:/maximsdk/tools/gnutools/10.3/bin/../lib/gcc/arm-none-eabi/10.3.1/../../../../arm-none-eabi/lib/thumb/v7e-m+fp/softfp\libc.a(lib_a-mallocr.o)
                0x100040b8                _malloc_r
 .text          0x10004618      0x134 c:/maximsdk/tools/gnutools/10.3/bin/../lib/gcc/arm-none-eabi/10.3.1/../../../../arm-none-eabi/lib/thumb/v7e-m+fp/softfp\libc.a(lib_a-memcpy.o)
                0x10004618                memcpy
 .text.memset   0x1000474c       0xa4 c:/maximsdk/tools/gnutools/10.3/bin/../lib/gcc/arm-none-eabi/10.3.1/../../../../arm-none-eabi/lib/thumb/v7e-m+fp/softfp\libc.a(lib_a-memset.o)
                0x1000474c                memset
 .text.__malloc_lock
                0x100047f0        0xc c:/maximsdk/tools/gnutools/10.3/bin/../lib/gcc/arm-none-eabi/10.3.1/../../../../arm-none-eabi/lib/thumb/v7e-m+fp/softfp\libc.a(lib_a-mlock.o)
                0x100047f0                __malloc_lock
 .text.__malloc_unlock
                0x100047fc        0xc c:/maximsdk/tools/gnutools/10.3/bin/../lib/gcc/arm-none-eabi/10.3.1/../../../../arm-none-eabi/lib/thumb/v7e-m+fp/softfp\libc.a(lib_a-mlock.o)
                0x100047fc                __malloc_unlock
 .text.printf   0x10004808       0x28 c:/maximsdk/tools/gnutools/10.3/bin/../lib/gcc/arm-none-eabi/10.3.1/../../../../arm-none-eabi/lib/thumb/v7e-m+fp/softfp\libc.a(lib_a-printf.o)
                0x10004808                printf
 .text.putchar  0x10004830       0x10 c:/maximsdk/tools/gnutools/10.3/bin/../lib/gcc/arm-none-eabi/10.3.1/../../../../arm-none-eabi/lib/thumb/v7e-m+fp/softfp\libc.a(lib_a-putchar.o)
                0x10004830                putchar
 .text._puts_r  0x10004840       0x9c c:/maximsdk/tools/gnutools/10.3/bin/../lib/gcc/arm-none-eabi/10.3.1/../../../../arm-none-eabi/lib/thumb/v7e-m+fp/softfp\libc.a(lib_a-puts.o)
                0x10004840                _puts_r
 .text.puts     0x100048dc       0x10 c:/maximsdk/tools/gnutools/10.3/bin/../lib/gcc/arm-none-eabi/10.3.1/../../../../arm-none-eabi/lib/thumb/v7e-m+fp/softfp\libc.a(lib_a-puts.o)
                0x100048dc                puts
 .text._sbrk_r  0x100048ec       0x24 c:/maximsdk/tools/gnutools/10.3/bin/../lib/gcc/arm-none-eabi/10.3.1/../../../../arm-none-eabi/lib/thumb/v7e-m+fp/softfp\libc.a(lib_a-sbrkr.o)
                0x100048ec                _sbrk_r
 .text.snprintf
                0x10004910       0x88 c:/maximsdk/tools/gnutools/10.3/bin/../lib/gcc/arm-none-eabi/10.3.1/../../../../arm-none-eabi/lib/thumb/v7e-m+fp/softfp\libc.a(lib_a-snprintf.o)
                0x10004910                snprintf
 .text.sprintf  0x10004998       0x40 c:/maximsdk/tools/gnutools/10.3/bin/../lib/gcc/arm-none-eabi/10.3.1/../../../../arm-none-eabi/lib/thumb/v7e-m+fp/softfp\libc.a(lib_a-sprintf.o)
                0x10004998                sprintf
 .text.__sread  0x100049d8       0x24 c:/maximsdk/tools/gnutools/10.3/bin/../lib/gcc/arm-none-eabi/10.3.1/../../../../arm-none-eabi/lib/thumb/v7e-m+fp/softfp\libc.a(lib_a-stdio.o)
                0x100049d8                __sread
 .text.__swrite
                0x100049fc       0x40 c:/maximsdk/tools/gnutools/10.3/bin/../lib/gcc/arm-none-eabi/10.3.1/../../../../arm-none-eabi/lib/thumb/v7e-m+fp/softfp\libc.a(lib_a-stdio.o)
                0x100049fc                __swrite
 .text.__sseek  0x10004a3c       0x20 c:/maximsdk/tools/gnutools/10.3/bin/../lib/gcc/arm-none-eabi/10.3.1/../../../../arm-none-eabi/lib/thumb/v7e-m+fp/softfp\libc.a(lib_a-stdio.o)
                0x10004a3c                __sseek
 .text.__sclose
                0x10004a5c        0x8 c:/maximsdk/tools/gnutools/10.3/bin/../lib/gcc/arm-none-eabi/10.3.1/../../../../arm-none-eabi/lib/thumb/v7e-m+fp/softfp\libc.a(lib_a-stdio.o)
                0x10004a5c                __sclose
 .text.strcpy   0x10004a64       0xbc c:/maximsdk/tools/gnutools/10.3/bin/../lib/gcc/arm-none-eabi/10.3.1/../../../../arm-none-eabi/lib/thumb/v7e-m+fp/softfp\libc.a(lib_a-strcpy.o)
                0x10004a64                strcpy
 *fill*         0x10004b20       0x20 
 .text          0x10004b40       0xdc c:/maximsdk/tools/gnutools/10.3/bin/../lib/gcc/arm-none-eabi/10.3.1/../../../../arm-none-eabi/lib/thumb/v7e-m+fp/softfp\libc.a(lib_a-strlen.o)
                0x10004b40                strlen
 .text.strncat  0x10004c1c       0x5c c:/maximsdk/tools/gnutools/10.3/bin/../lib/gcc/arm-none-eabi/10.3.1/../../../../arm-none-eabi/lib/thumb/v7e-m+fp/softfp\libc.a(lib_a-strncat.o)
                0x10004c1c                strncat
 .text.strncmp  0x10004c78       0x80 c:/maximsdk/tools/gnutools/10.3/bin/../lib/gcc/arm-none-eabi/10.3.1/../../../../arm-none-eabi/lib/thumb/v7e-m+fp/softfp\libc.a(lib_a-strncmp.o)
                0x10004c78                strncmp
 .text.strncpy  0x10004cf8       0x64 c:/maximsdk/tools/gnutools/10.3/bin/../lib/gcc/arm-none-eabi/10.3.1/../../../../arm-none-eabi/lib/thumb/v7e-m+fp/softfp\libc.a(lib_a-strncpy.o)
                0x10004cf8                strncpy
 *fill*         0x10004d5c        0x4 
 .text._svfprintf_r
                0x10004d60     0x1ac8 c:/maximsdk/tools/gnutools/10.3/bin/../lib/gcc/arm-none-eabi/10.3.1/../../../../arm-none-eabi/lib/thumb/v7e-m+fp/softfp\libc.a(lib_a-svfprintf.o)
                0x10004d60                _svfprintf_r
 .text._vfprintf_r
                0x10006828     0x1b8c c:/maximsdk/tools/gnutools/10.3/bin/../lib/gcc/arm-none-eabi/10.3.1/../../../../arm-none-eabi/lib/thumb/v7e-m+fp/softfp\libc.a(lib_a-vfprintf.o)
                0x10006828                _vfprintf_r
 .text.__sbprintf
                0x100083b4       0x80 c:/maximsdk/tools/gnutools/10.3/bin/../lib/gcc/arm-none-eabi/10.3.1/../../../../arm-none-eabi/lib/thumb/v7e-m+fp/softfp\libc.a(lib_a-vfprintf.o)
 .text._write_r
                0x10008434       0x2c c:/maximsdk/tools/gnutools/10.3/bin/../lib/gcc/arm-none-eabi/10.3.1/../../../../arm-none-eabi/lib/thumb/v7e-m+fp/softfp\libc.a(lib_a-writer.o)
                0x10008434                _write_r
 .text.__swsetup_r
                0x10008460       0xd4 c:/maximsdk/tools/gnutools/10.3/bin/../lib/gcc/arm-none-eabi/10.3.1/../../../../arm-none-eabi/lib/thumb/v7e-m+fp/softfp\libc.a(lib_a-wsetup.o)
                0x10008460                __swsetup_r
 .text.startup.register_fini
                0x10008534       0x14 c:/maximsdk/tools/gnutools/10.3/bin/../lib/gcc/arm-none-eabi/10.3.1/../../../../arm-none-eabi/lib/thumb/v7e-m+fp/softfp\libc.a(lib_a-__call_atexit.o)
 .text.atexit   0x10008548        0xc c:/maximsdk/tools/gnutools/10.3/bin/../lib/gcc/arm-none-eabi/10.3.1/../../../../arm-none-eabi/lib/thumb/v7e-m+fp/softfp\libc.a(lib_a-atexit.o)
                0x10008548                atexit
 .text._close_r
                0x10008554       0x24 c:/maximsdk/tools/gnutools/10.3/bin/../lib/gcc/arm-none-eabi/10.3.1/../../../../arm-none-eabi/lib/thumb/v7e-m+fp/softfp\libc.a(lib_a-closer.o)
                0x10008554                _close_r
 .text.quorem   0x10008578      0x128 c:/maximsdk/tools/gnutools/10.3/bin/../lib/gcc/arm-none-eabi/10.3.1/../../../../arm-none-eabi/lib/thumb/v7e-m+fp/softfp\libc.a(lib_a-dtoa.o)
 .text._dtoa_r  0x100086a0      0xf34 c:/maximsdk/tools/gnutools/10.3/bin/../lib/gcc/arm-none-eabi/10.3.1/../../../../arm-none-eabi/lib/thumb/v7e-m+fp/softfp\libc.a(lib_a-dtoa.o)
                0x100086a0                _dtoa_r
 .text._fclose_r
                0x100095d4       0xcc c:/maximsdk/tools/gnutools/10.3/bin/../lib/gcc/arm-none-eabi/10.3.1/../../../../arm-none-eabi/lib/thumb/v7e-m+fp/softfp\libc.a(lib_a-fclose.o)
                0x100095d4                _fclose_r
 .text.__libc_fini_array
                0x100096a0       0x2c c:/maximsdk/tools/gnutools/10.3/bin/../lib/gcc/arm-none-eabi/10.3.1/../../../../arm-none-eabi/lib/thumb/v7e-m+fp/softfp\libc.a(lib_a-fini.o)
                0x100096a0                __libc_fini_array
 .text.__sfvwrite_r
                0x100096cc      0x2f0 c:/maximsdk/tools/gnutools/10.3/bin/../lib/gcc/arm-none-eabi/10.3.1/../../../../arm-none-eabi/lib/thumb/v7e-m+fp/softfp\libc.a(lib_a-fvwrite.o)
                0x100096cc                __sfvwrite_r
 .text._localeconv_r
                0x100099bc        0x8 c:/maximsdk/tools/gnutools/10.3/bin/../lib/gcc/arm-none-eabi/10.3.1/../../../../arm-none-eabi/lib/thumb/v7e-m+fp/softfp\libc.a(lib_a-localeconv.o)
                0x100099bc                _localeconv_r
 .text._lseek_r
                0x100099c4       0x2c c:/maximsdk/tools/gnutools/10.3/bin/../lib/gcc/arm-none-eabi/10.3.1/../../../../arm-none-eabi/lib/thumb/v7e-m+fp/softfp\libc.a(lib_a-lseekr.o)
                0x100099c4                _lseek_r
 .text.__smakebuf_r
                0x100099f0       0xe0 c:/maximsdk/tools/gnutools/10.3/bin/../lib/gcc/arm-none-eabi/10.3.1/../../../../arm-none-eabi/lib/thumb/v7e-m+fp/softfp\libc.a(lib_a-makebuf.o)
                0x100099f0                __smakebuf_r
 .text          0x10009ad0       0xa0 c:/maximsdk/tools/gnutools/10.3/bin/../lib/gcc/arm-none-eabi/10.3.1/../../../../arm-none-eabi/lib/thumb/v7e-m+fp/softfp\libc.a(lib_a-memchr.o)
                0x10009ad0                memchr
 .text.memmove  0x10009b70       0xf8 c:/maximsdk/tools/gnutools/10.3/bin/../lib/gcc/arm-none-eabi/10.3.1/../../../../arm-none-eabi/lib/thumb/v7e-m+fp/softfp\libc.a(lib_a-memmove.o)
                0x10009b70                memmove
 .text._Balloc  0x10009c68       0x4c c:/maximsdk/tools/gnutools/10.3/bin/../lib/gcc/arm-none-eabi/10.3.1/../../../../arm-none-eabi/lib/thumb/v7e-m+fp/softfp\libc.a(lib_a-mprec.o)
                0x10009c68                _Balloc
 .text._Bfree   0x10009cb4       0x14 c:/maximsdk/tools/gnutools/10.3/bin/../lib/gcc/arm-none-eabi/10.3.1/../../../../arm-none-eabi/lib/thumb/v7e-m+fp/softfp\libc.a(lib_a-mprec.o)
                0x10009cb4                _Bfree
 .text.__multadd
                0x10009cc8       0xa8 c:/maximsdk/tools/gnutools/10.3/bin/../lib/gcc/arm-none-eabi/10.3.1/../../../../arm-none-eabi/lib/thumb/v7e-m+fp/softfp\libc.a(lib_a-mprec.o)
                0x10009cc8                __multadd
 .text.__hi0bits
                0x10009d70       0x40 c:/maximsdk/tools/gnutools/10.3/bin/../lib/gcc/arm-none-eabi/10.3.1/../../../../arm-none-eabi/lib/thumb/v7e-m+fp/softfp\libc.a(lib_a-mprec.o)
                0x10009d70                __hi0bits
 .text.__lo0bits
                0x10009db0       0x60 c:/maximsdk/tools/gnutools/10.3/bin/../lib/gcc/arm-none-eabi/10.3.1/../../../../arm-none-eabi/lib/thumb/v7e-m+fp/softfp\libc.a(lib_a-mprec.o)
                0x10009db0                __lo0bits
 .text.__i2b    0x10009e10       0x5c c:/maximsdk/tools/gnutools/10.3/bin/../lib/gcc/arm-none-eabi/10.3.1/../../../../arm-none-eabi/lib/thumb/v7e-m+fp/softfp\libc.a(lib_a-mprec.o)
                0x10009e10                __i2b
 .text.__multiply
                0x10009e6c      0x15c c:/maximsdk/tools/gnutools/10.3/bin/../lib/gcc/arm-none-eabi/10.3.1/../../../../arm-none-eabi/lib/thumb/v7e-m+fp/softfp\libc.a(lib_a-mprec.o)
                0x10009e6c                __multiply
 .text.__pow5mult
                0x10009fc8       0xc0 c:/maximsdk/tools/gnutools/10.3/bin/../lib/gcc/arm-none-eabi/10.3.1/../../../../arm-none-eabi/lib/thumb/v7e-m+fp/softfp\libc.a(lib_a-mprec.o)
                0x10009fc8                __pow5mult
 .text.__lshift
                0x1000a088       0xf0 c:/maximsdk/tools/gnutools/10.3/bin/../lib/gcc/arm-none-eabi/10.3.1/../../../../arm-none-eabi/lib/thumb/v7e-m+fp/softfp\libc.a(lib_a-mprec.o)
                0x1000a088                __lshift
 .text.__mcmp   0x1000a178       0x44 c:/maximsdk/tools/gnutools/10.3/bin/../lib/gcc/arm-none-eabi/10.3.1/../../../../arm-none-eabi/lib/thumb/v7e-m+fp/softfp\libc.a(lib_a-mprec.o)
                0x1000a178                __mcmp
 .text.__mdiff  0x1000a1bc      0x14c c:/maximsdk/tools/gnutools/10.3/bin/../lib/gcc/arm-none-eabi/10.3.1/../../../../arm-none-eabi/lib/thumb/v7e-m+fp/softfp\libc.a(lib_a-mprec.o)
                0x1000a1bc                __mdiff
 .text.__d2b    0x1000a308       0xc4 c:/maximsdk/tools/gnutools/10.3/bin/../lib/gcc/arm-none-eabi/10.3.1/../../../../arm-none-eabi/lib/thumb/v7e-m+fp/softfp\libc.a(lib_a-mprec.o)
                0x1000a308                __d2b
 .text._putc_r  0x1000a3cc       0x74 c:/maximsdk/tools/gnutools/10.3/bin/../lib/gcc/arm-none-eabi/10.3.1/../../../../arm-none-eabi/lib/thumb/v7e-m+fp/softfp\libc.a(lib_a-putc.o)
                0x1000a3cc                _putc_r
 .text._read_r  0x1000a440       0x2c c:/maximsdk/tools/gnutools/10.3/bin/../lib/gcc/arm-none-eabi/10.3.1/../../../../arm-none-eabi/lib/thumb/v7e-m+fp/softfp\libc.a(lib_a-readr.o)
                0x1000a440                _read_r
 .text._realloc_r
                0x1000a46c      0x3d8 c:/maximsdk/tools/gnutools/10.3/bin/../lib/gcc/arm-none-eabi/10.3.1/../../../../arm-none-eabi/lib/thumb/v7e-m+fp/softfp\libc.a(lib_a-reallocr.o)
                0x1000a46c                _realloc_r
 .text.frexp    0x1000a844       0x70 c:/maximsdk/tools/gnutools/10.3/bin/../lib/gcc/arm-none-eabi/10.3.1/../../../../arm-none-eabi/lib/thumb/v7e-m+fp/softfp\libc.a(lib_a-s_frexp.o)
                0x1000a844                frexp
 .text.__ssprint_r
                0x1000a8b4       0xf8 c:/maximsdk/tools/gnutools/10.3/bin/../lib/gcc/arm-none-eabi/10.3.1/../../../../arm-none-eabi/lib/thumb/v7e-m+fp/softfp\libc.a(lib_a-svfiprintf.o)
                0x1000a8b4                __ssprint_r
 .text.__sprint_r.part.0
                0x1000a9ac       0x78 c:/maximsdk/tools/gnutools/10.3/bin/../lib/gcc/arm-none-eabi/10.3.1/../../../../arm-none-eabi/lib/thumb/v7e-m+fp/softfp\libc.a(lib_a-vfiprintf.o)
 .text.__sprint_r
                0x1000aa24       0x18 c:/maximsdk/tools/gnutools/10.3/bin/../lib/gcc/arm-none-eabi/10.3.1/../../../../arm-none-eabi/lib/thumb/v7e-m+fp/softfp\libc.a(lib_a-vfiprintf.o)
                0x1000aa24                __sprint_r
 .text._vfiprintf_r
                0x1000aa3c      0xdfc c:/maximsdk/tools/gnutools/10.3/bin/../lib/gcc/arm-none-eabi/10.3.1/../../../../arm-none-eabi/lib/thumb/v7e-m+fp/softfp\libc.a(lib_a-vfiprintf.o)
                0x1000aa3c                _vfiprintf_r
 .text.__sbprintf
                0x1000b838       0x80 c:/maximsdk/tools/gnutools/10.3/bin/../lib/gcc/arm-none-eabi/10.3.1/../../../../arm-none-eabi/lib/thumb/v7e-m+fp/softfp\libc.a(lib_a-vfiprintf.o)
 .text.__swbuf_r
                0x1000b8b8       0xb0 c:/maximsdk/tools/gnutools/10.3/bin/../lib/gcc/arm-none-eabi/10.3.1/../../../../arm-none-eabi/lib/thumb/v7e-m+fp/softfp\libc.a(lib_a-wbuf.o)
                0x1000b8b8                __swbuf_r
 .text.__register_exitproc
                0x1000b968       0x8c c:/maximsdk/tools/gnutools/10.3/bin/../lib/gcc/arm-none-eabi/10.3.1/../../../../arm-none-eabi/lib/thumb/v7e-m+fp/softfp\libc.a(lib_a-__atexit.o)
                0x1000b968                __register_exitproc
 .text.__assert_func
                0x1000b9f4       0x40 c:/maximsdk/tools/gnutools/10.3/bin/../lib/gcc/arm-none-eabi/10.3.1/../../../../arm-none-eabi/lib/thumb/v7e-m+fp/softfp\libc.a(lib_a-assert.o)
                0x1000b9f4                __assert_func
 .text._calloc_r
                0x1000ba34       0x78 c:/maximsdk/tools/gnutools/10.3/bin/../lib/gcc/arm-none-eabi/10.3.1/../../../../arm-none-eabi/lib/thumb/v7e-m+fp/softfp\libc.a(lib_a-callocr.o)
                0x1000ba34                _calloc_r
 .text.fiprintf
                0x1000baac       0x28 c:/maximsdk/tools/gnutools/10.3/bin/../lib/gcc/arm-none-eabi/10.3.1/../../../../arm-none-eabi/lib/thumb/v7e-m+fp/softfp\libc.a(lib_a-fiprintf.o)
                0x1000baac                fiprintf
 .text.__fputwc
                0x1000bad4       0xa8 c:/maximsdk/tools/gnutools/10.3/bin/../lib/gcc/arm-none-eabi/10.3.1/../../../../arm-none-eabi/lib/thumb/v7e-m+fp/softfp\libc.a(lib_a-fputwc.o)
                0x1000bad4                __fputwc
 .text._fputwc_r
                0x1000bb7c       0x68 c:/maximsdk/tools/gnutools/10.3/bin/../lib/gcc/arm-none-eabi/10.3.1/../../../../arm-none-eabi/lib/thumb/v7e-m+fp/softfp\libc.a(lib_a-fputwc.o)
                0x1000bb7c                _fputwc_r
 .text._fstat_r
                0x1000bbe4       0x2c c:/maximsdk/tools/gnutools/10.3/bin/../lib/gcc/arm-none-eabi/10.3.1/../../../../arm-none-eabi/lib/thumb/v7e-m+fp/softfp\libc.a(lib_a-fstatr.o)
                0x1000bbe4                _fstat_r
 .text._isatty_r
                0x1000bc10       0x24 c:/maximsdk/tools/gnutools/10.3/bin/../lib/gcc/arm-none-eabi/10.3.1/../../../../arm-none-eabi/lib/thumb/v7e-m+fp/softfp\libc.a(lib_a-isattyr.o)
                0x1000bc10                _isatty_r
 .text.__locale_mb_cur_max
                0x1000bc34        0xc c:/maximsdk/tools/gnutools/10.3/bin/../lib/gcc/arm-none-eabi/10.3.1/../../../../arm-none-eabi/lib/thumb/v7e-m+fp/softfp\libc.a(lib_a-locale.o)
                0x1000bc34                __locale_mb_cur_max
 .text.__ascii_mbtowc
                0x1000bc40       0x2c c:/maximsdk/tools/gnutools/10.3/bin/../lib/gcc/arm-none-eabi/10.3.1/../../../../arm-none-eabi/lib/thumb/v7e-m+fp/softfp\libc.a(lib_a-mbtowc_r.o)
                0x1000bc40                __ascii_mbtowc
 .text._wcrtomb_r
                0x1000bc6c       0x3c c:/maximsdk/tools/gnutools/10.3/bin/../lib/gcc/arm-none-eabi/10.3.1/../../../../arm-none-eabi/lib/thumb/v7e-m+fp/softfp\libc.a(lib_a-wcrtomb.o)
                0x1000bc6c                _wcrtomb_r
 .text.__ascii_wctomb
                0x1000bca8       0x1c c:/maximsdk/tools/gnutools/10.3/bin/../lib/gcc/arm-none-eabi/10.3.1/../../../../arm-none-eabi/lib/thumb/v7e-m+fp/softfp\libc.a(lib_a-wctomb_r.o)
                0x1000bca8                __ascii_wctomb
 .text.abort    0x1000bcc4       0x10 c:/maximsdk/tools/gnutools/10.3/bin/../lib/gcc/arm-none-eabi/10.3.1/../../../../arm-none-eabi/lib/thumb/v7e-m+fp/softfp\libc.a(lib_a-abort.o)
                0x1000bcc4                abort
 .text.raise    0x1000bcd4       0x5c c:/maximsdk/tools/gnutools/10.3/bin/../lib/gcc/arm-none-eabi/10.3.1/../../../../arm-none-eabi/lib/thumb/v7e-m+fp/softfp\libc.a(lib_a-signal.o)
                0x1000bcd4                raise
 .text._kill_r  0x1000bd30       0x2c c:/maximsdk/tools/gnutools/10.3/bin/../lib/gcc/arm-none-eabi/10.3.1/../../../../arm-none-eabi/lib/thumb/v7e-m+fp/softfp\libc.a(lib_a-signalr.o)
                0x1000bd30                _kill_r
 .text._getpid_r
                0x1000bd5c        0x4 c:/maximsdk/tools/gnutools/10.3/bin/../lib/gcc/arm-none-eabi/10.3.1/../../../../arm-none-eabi/lib/thumb/v7e-m+fp/softfp\libc.a(lib_a-signalr.o)
                0x1000bd5c                _getpid_r
 .text._exit    0x1000bd60        0x4 c:/maximsdk/tools/gnutools/10.3/bin/../lib/gcc/arm-none-eabi/10.3.1/../../../../arm-none-eabi/lib/thumb/v7e-m+fp/softfp\libnosys.a(_exit.o)
                0x1000bd60                _exit
 .text          0x1000bd64      0x378 c:/maximsdk/tools/gnutools/10.3/bin/../lib/gcc/arm-none-eabi/10.3.1/thumb/v7e-m+fp/softfp\libgcc.a(_arm_addsubdf3.o)
                0x1000bd64                __aeabi_drsub
                0x1000bd6c                __aeabi_dsub
                0x1000bd6c                __subdf3
                0x1000bd70                __aeabi_dadd
                0x1000bd70                __adddf3
                0x1000bfe8                __floatunsidf
                0x1000bfe8                __aeabi_ui2d
                0x1000c008                __floatsidf
                0x1000c008                __aeabi_i2d
                0x1000c02c                __aeabi_f2d
                0x1000c02c                __extendsfdf2
                0x1000c070                __floatundidf
                0x1000c070                __aeabi_ul2d
                0x1000c080                __floatdidf
                0x1000c080                __aeabi_l2d
 .text          0x1000c0dc      0x424 c:/maximsdk/tools/gnutools/10.3/bin/../lib/gcc/arm-none-eabi/10.3.1/thumb/v7e-m+fp/softfp\libgcc.a(_arm_muldivdf3.o)
                0x1000c0dc                __aeabi_dmul
                0x1000c0dc                __muldf3
                0x1000c330                __divdf3
                0x1000c330                __aeabi_ddiv
 .text          0x1000c500      0x110 c:/maximsdk/tools/gnutools/10.3/bin/../lib/gcc/arm-none-eabi/10.3.1/thumb/v7e-m+fp/softfp\libgcc.a(_arm_cmpdf2.o)
                0x1000c500                __gtdf2
                0x1000c500                __gedf2
                0x1000c508                __ltdf2
                0x1000c508                __ledf2
                0x1000c510                __nedf2
                0x1000c510                __eqdf2
                0x1000c510                __cmpdf2
                0x1000c58c                __aeabi_cdrcmple
                0x1000c59c                __aeabi_cdcmpeq
                0x1000c59c                __aeabi_cdcmple
                0x1000c5ac                __aeabi_dcmpeq
                0x1000c5c0                __aeabi_dcmplt
                0x1000c5d4                __aeabi_dcmple
                0x1000c5e8                __aeabi_dcmpge
                0x1000c5fc                __aeabi_dcmpgt
 .text          0x1000c610       0x2c c:/maximsdk/tools/gnutools/10.3/bin/../lib/gcc/arm-none-eabi/10.3.1/thumb/v7e-m+fp/softfp\libgcc.a(_arm_unorddf2.o)
                0x1000c610                __unorddf2
                0x1000c610                __aeabi_dcmpun
 .text          0x1000c63c       0x50 c:/maximsdk/tools/gnutools/10.3/bin/../lib/gcc/arm-none-eabi/10.3.1/thumb/v7e-m+fp/softfp\libgcc.a(_arm_fixdfsi.o)
                0x1000c63c                __aeabi_d2iz
                0x1000c63c                __fixdfsi
 .text          0x1000c68c       0x30 c:/maximsdk/tools/gnutools/10.3/bin/../lib/gcc/arm-none-eabi/10.3.1/thumb/v7e-m+fp/softfp\libgcc.a(_aeabi_uldivmod.o)
                0x1000c68c                __aeabi_uldivmod
 .text          0x1000c6bc      0x2d0 c:/maximsdk/tools/gnutools/10.3/bin/../lib/gcc/arm-none-eabi/10.3.1/thumb/v7e-m+fp/softfp\libgcc.a(_udivmoddi4.o)
                0x1000c6bc                __udivmoddi4
 .text          0x1000c98c        0x4 c:/maximsdk/tools/gnutools/10.3/bin/../lib/gcc/arm-none-eabi/10.3.1/thumb/v7e-m+fp/softfp\libgcc.a(_dvmd_tls.o)
                0x1000c98c                __aeabi_idiv0
                0x1000c98c                __aeabi_ldiv0
 *(.rodata*)
 .rodata.prvTickless.str1.4
                0x1000c990       0x60 c:/Users/Ian/Documents/Github/Senior_Design/RTOS/build/CLI-commands.o
 .rodata.prvParameterEchoCommand.str1.4
                0x1000c9f0       0x1d c:/Users/Ian/Documents/Github/Senior_Design/RTOS/build/CLI-commands.o
                                 0x23 (size before relaxing)
 *fill*         0x1000ca0d        0x3 
 .rodata.prvThreeParameterEchoCommand.str1.4
                0x1000ca10       0x1d c:/Users/Ian/Documents/Github/Senior_Design/RTOS/build/CLI-commands.o
 *fill*         0x1000ca2d        0x3 
 .rodata.prvUptimeCommand.str1.4
                0x1000ca30       0x1b c:/Users/Ian/Documents/Github/Senior_Design/RTOS/build/CLI-commands.o
 *fill*         0x1000ca4b        0x1 
 .rodata.prvTaskStatsCommand.str1.4
                0x1000ca4c       0x5f c:/Users/Ian/Documents/Github/Senior_Design/RTOS/build/CLI-commands.o
 *fill*         0x1000caab        0x1 
 .rodata.str1.4
                0x1000caac      0x1c1 c:/Users/Ian/Documents/Github/Senior_Design/RTOS/build/CLI-commands.o
 *fill*         0x1000cc6d        0x3 
 .rodata.xParameterEcho
                0x1000cc70       0x10 c:/Users/Ian/Documents/Github/Senior_Design/RTOS/build/CLI-commands.o
 .rodata.xTaskStats
                0x1000cc80       0x10 c:/Users/Ian/Documents/Github/Senior_Design/RTOS/build/CLI-commands.o
 .rodata.xThreeParameterEcho
                0x1000cc90       0x10 c:/Users/Ian/Documents/Github/Senior_Design/RTOS/build/CLI-commands.o
 .rodata.xTickless
                0x1000cca0       0x10 c:/Users/Ian/Documents/Github/Senior_Design/RTOS/build/CLI-commands.o
 .rodata.xUptime
                0x1000ccb0       0x10 c:/Users/Ian/Documents/Github/Senior_Design/RTOS/build/CLI-commands.o
 .rodata.vTickTockTask.str1.4
                0x1000ccc0       0x48 c:/Users/Ian/Documents/Github/Senior_Design/RTOS/build/main.o
 .rodata.vCmdLineTask.str1.4
                0x1000cd08       0x8a c:/Users/Ian/Documents/Github/Senior_Design/RTOS/build/main.o
 *fill*         0x1000cd92        0x2 
 .rodata.main.str1.4
                0x1000cd94      0x112 c:/Users/Ian/Documents/Github/Senior_Design/RTOS/build/main.o
 *fill*         0x1000cea6        0x2 
 .rodata.mxc_assert.str1.4
                0x1000cea8       0x19 c:/Users/Ian/Documents/Github/Senior_Design/RTOS/build/board.o
 *fill*         0x1000cec1        0x3 
 .rodata.Board_Init.str1.4
                0x1000cec4       0x45 c:/Users/Ian/Documents/Github/Senior_Design/RTOS/build/board.o
 *fill*         0x1000cf09        0x3 
 .rodata        0x1000cf0c       0x54 c:/Users/Ian/Documents/Github/Senior_Design/RTOS/build/board.o
 .rodata.led_pin
                0x1000cf60       0x18 c:/Users/Ian/Documents/Github/Senior_Design/RTOS/build/board.o
                0x1000cf60                led_pin
 .rodata.num_leds
                0x1000cf78        0x4 c:/Users/Ian/Documents/Github/Senior_Design/RTOS/build/board.o
                0x1000cf78                num_leds
 .rodata.num_pbs
                0x1000cf7c        0x4 c:/Users/Ian/Documents/Github/Senior_Design/RTOS/build/board.o
                0x1000cf7c                num_pbs
 .rodata.pb_pin
                0x1000cf80       0x18 c:/Users/Ian/Documents/Github/Senior_Design/RTOS/build/board.o
                0x1000cf80                pb_pin
 .rodata.LED_On.str1.4
                0x1000cf98       0x3b c:/Users/Ian/Documents/Github/Senior_Design/RTOS/build/led.o
 *fill*         0x1000cfd3        0x1 
 .rodata.FreeRTOS_CLIProcessCommand.str1.4
                0x1000cfd4       0xa8 c:/Users/Ian/Documents/Github/Senior_Design/RTOS/build/FreeRTOS_CLI.o
 .rodata.str1.4
                0x1000d07c       0x38 c:/Users/Ian/Documents/Github/Senior_Design/RTOS/build/FreeRTOS_CLI.o
 .rodata.xHelpCommand
                0x1000d0b4       0x10 c:/Users/Ian/Documents/Github/Senior_Design/RTOS/build/FreeRTOS_CLI.o
 .rodata.gpio_cfg_extclk
                0x1000d0c4        0xc C:/MaximSDK/Libraries/PeriphDrivers/bin/MAX78000/softfp/libPeriphDriver_softfp.a(pins_ai85.o)
                0x1000d0c4                gpio_cfg_extclk
 .rodata.gpio_cfg_uart0
                0x1000d0d0        0xc C:/MaximSDK/Libraries/PeriphDrivers/bin/MAX78000/softfp/libPeriphDriver_softfp.a(pins_ai85.o)
                0x1000d0d0                gpio_cfg_uart0
 .rodata.gpio_cfg_uart1
                0x1000d0dc        0xc C:/MaximSDK/Libraries/PeriphDrivers/bin/MAX78000/softfp/libPeriphDriver_softfp.a(pins_ai85.o)
                0x1000d0dc                gpio_cfg_uart1
 .rodata.gpio_cfg_uart2
                0x1000d0e8        0xc C:/MaximSDK/Libraries/PeriphDrivers/bin/MAX78000/softfp/libPeriphDriver_softfp.a(pins_ai85.o)
                0x1000d0e8                gpio_cfg_uart2
 .rodata.gpio_cfg_uart3
                0x1000d0f4        0xc C:/MaximSDK/Libraries/PeriphDrivers/bin/MAX78000/softfp/libPeriphDriver_softfp.a(pins_ai85.o)
                0x1000d0f4                gpio_cfg_uart3
 .rodata.MXC_GPIO_Common_Handler.str1.4
                0x1000d100       0x66 C:/MaximSDK/Libraries/PeriphDrivers/bin/MAX78000/softfp/libPeriphDriver_softfp.a(gpio_common.o)
 .rodata.vTaskStartScheduler.str1.1
                0x1000d166        0x5 c:/Users/Ian/Documents/Github/Senior_Design/RTOS/build/FreeRTOS/librtos.a(tasks.o)
 .rodata.vTaskList.str1.1
                0x1000d16b        0xf c:/Users/Ian/Documents/Github/Senior_Design/RTOS/build/FreeRTOS/librtos.a(tasks.o)
 .rodata.CSWTCH.176
                0x1000d17a        0x5 c:/Users/Ian/Documents/Github/Senior_Design/RTOS/build/FreeRTOS/librtos.a(tasks.o)
 *fill*         0x1000d17f        0x1 
 .rodata._global_impure_ptr
                0x1000d180        0x4 c:/maximsdk/tools/gnutools/10.3/bin/../lib/gcc/arm-none-eabi/10.3.1/../../../../arm-none-eabi/lib/thumb/v7e-m+fp/softfp\libc.a(lib_a-impure.o)
                0x1000d180                _global_impure_ptr
 .rodata._puts_r.str1.4
                0x1000d184       0x66 c:/maximsdk/tools/gnutools/10.3/bin/../lib/gcc/arm-none-eabi/10.3.1/../../../../arm-none-eabi/lib/thumb/v7e-m+fp/softfp\libc.a(lib_a-puts.o)
                                  0x2 (size before relaxing)
 .rodata._svfprintf_r.str1.4
                0x1000d184       0x3f c:/maximsdk/tools/gnutools/10.3/bin/../lib/gcc/arm-none-eabi/10.3.1/../../../../arm-none-eabi/lib/thumb/v7e-m+fp/softfp\libc.a(lib_a-svfprintf.o)
                                 0x42 (size before relaxing)
 *fill*         0x1000d1c3        0x1 
 .rodata.blanks.1
                0x1000d1c4       0x10 c:/maximsdk/tools/gnutools/10.3/bin/../lib/gcc/arm-none-eabi/10.3.1/../../../../arm-none-eabi/lib/thumb/v7e-m+fp/softfp\libc.a(lib_a-svfprintf.o)
 .rodata.zeroes.0
                0x1000d1d4       0x10 c:/maximsdk/tools/gnutools/10.3/bin/../lib/gcc/arm-none-eabi/10.3.1/../../../../arm-none-eabi/lib/thumb/v7e-m+fp/softfp\libc.a(lib_a-svfprintf.o)
 .rodata._vfprintf_r.str1.4
                0x1000d1e4       0x42 c:/maximsdk/tools/gnutools/10.3/bin/../lib/gcc/arm-none-eabi/10.3.1/../../../../arm-none-eabi/lib/thumb/v7e-m+fp/softfp\libc.a(lib_a-vfprintf.o)
 .rodata.blanks.1
                0x1000d1e4       0x10 c:/maximsdk/tools/gnutools/10.3/bin/../lib/gcc/arm-none-eabi/10.3.1/../../../../arm-none-eabi/lib/thumb/v7e-m+fp/softfp\libc.a(lib_a-vfprintf.o)
 .rodata.zeroes.0
                0x1000d1f4       0x10 c:/maximsdk/tools/gnutools/10.3/bin/../lib/gcc/arm-none-eabi/10.3.1/../../../../arm-none-eabi/lib/thumb/v7e-m+fp/softfp\libc.a(lib_a-vfprintf.o)
 .rodata._dtoa_r.str1.4
                0x1000d204       0xa2 c:/maximsdk/tools/gnutools/10.3/bin/../lib/gcc/arm-none-eabi/10.3.1/../../../../arm-none-eabi/lib/thumb/v7e-m+fp/softfp\libc.a(lib_a-dtoa.o)
                                 0xa6 (size before relaxing)
 *fill*         0x1000d2a6        0x2 
 .rodata.__multadd.str1.4
                0x1000d2a8       0x7f c:/maximsdk/tools/gnutools/10.3/bin/../lib/gcc/arm-none-eabi/10.3.1/../../../../arm-none-eabi/lib/thumb/v7e-m+fp/softfp\libc.a(lib_a-mprec.o)
                                 0x93 (size before relaxing)
 *fill*         0x1000d327        0x1 
 .rodata.__mprec_bigtens
                0x1000d328       0x28 c:/maximsdk/tools/gnutools/10.3/bin/../lib/gcc/arm-none-eabi/10.3.1/../../../../arm-none-eabi/lib/thumb/v7e-m+fp/softfp\libc.a(lib_a-mprec.o)
                0x1000d328                __mprec_bigtens
 .rodata.__mprec_tens
                0x1000d350       0xc8 c:/maximsdk/tools/gnutools/10.3/bin/../lib/gcc/arm-none-eabi/10.3.1/../../../../arm-none-eabi/lib/thumb/v7e-m+fp/softfp\libc.a(lib_a-mprec.o)
                0x1000d350                __mprec_tens
 .rodata.p05.0  0x1000d418        0xc c:/maximsdk/tools/gnutools/10.3/bin/../lib/gcc/arm-none-eabi/10.3.1/../../../../arm-none-eabi/lib/thumb/v7e-m+fp/softfp\libc.a(lib_a-mprec.o)
 .rodata._vfiprintf_r.str1.4
                0x1000d424       0x2f c:/maximsdk/tools/gnutools/10.3/bin/../lib/gcc/arm-none-eabi/10.3.1/../../../../arm-none-eabi/lib/thumb/v7e-m+fp/softfp\libc.a(lib_a-vfiprintf.o)
 .rodata.blanks.1
                0x1000d424       0x10 c:/maximsdk/tools/gnutools/10.3/bin/../lib/gcc/arm-none-eabi/10.3.1/../../../../arm-none-eabi/lib/thumb/v7e-m+fp/softfp\libc.a(lib_a-vfiprintf.o)
 .rodata.zeroes.0
                0x1000d434       0x10 c:/maximsdk/tools/gnutools/10.3/bin/../lib/gcc/arm-none-eabi/10.3.1/../../../../arm-none-eabi/lib/thumb/v7e-m+fp/softfp\libc.a(lib_a-vfiprintf.o)
 .rodata.__assert_func.str1.4
                0x1000d444       0x3f c:/maximsdk/tools/gnutools/10.3/bin/../lib/gcc/arm-none-eabi/10.3.1/../../../../arm-none-eabi/lib/thumb/v7e-m+fp/softfp\libc.a(lib_a-assert.o)
                                 0x43 (size before relaxing)
 *fill*         0x1000d483        0x1 
 .rodata._setlocale_r.str1.4
                0x1000d484        0xa c:/maximsdk/tools/gnutools/10.3/bin/../lib/gcc/arm-none-eabi/10.3.1/../../../../arm-none-eabi/lib/thumb/v7e-m+fp/softfp\libc.a(lib_a-locale.o)
                                  0xd (size before relaxing)
 *fill*         0x1000d48e        0x2 
 .rodata.str1.4
                0x1000d490        0x2 c:/maximsdk/tools/gnutools/10.3/bin/../lib/gcc/arm-none-eabi/10.3.1/../../../../arm-none-eabi/lib/thumb/v7e-m+fp/softfp\libc.a(lib_a-locale.o)
 *fill*         0x1000d492        0x2 
 .rodata._ctype_
                0x1000d494      0x101 c:/maximsdk/tools/gnutools/10.3/bin/../lib/gcc/arm-none-eabi/10.3.1/../../../../arm-none-eabi/lib/thumb/v7e-m+fp/softfp\libc.a(lib_a-ctype_.o)
                0x1000d494                _ctype_
 *(.init)
 *fill*         0x1000d595        0x3 
 .init          0x1000d598        0x4 c:/maximsdk/tools/gnutools/10.3/bin/../lib/gcc/arm-none-eabi/10.3.1/thumb/v7e-m+fp/softfp/crti.o
                0x1000d598                _init
 .init          0x1000d59c        0x8 c:/maximsdk/tools/gnutools/10.3/bin/../lib/gcc/arm-none-eabi/10.3.1/thumb/v7e-m+fp/softfp/crtn.o
 *(.fini)
 .fini          0x1000d5a4        0x4 c:/maximsdk/tools/gnutools/10.3/bin/../lib/gcc/arm-none-eabi/10.3.1/thumb/v7e-m+fp/softfp/crti.o
                0x1000d5a4                _fini
 .fini          0x1000d5a8        0x8 c:/maximsdk/tools/gnutools/10.3/bin/../lib/gcc/arm-none-eabi/10.3.1/thumb/v7e-m+fp/softfp/crtn.o
 *crtbegin.o(.ctors)
 *crtbegin?.o(.ctors)
 *(EXCLUDE_FILE(*crtend.o *crtend?.o) .ctors)
 *(SORT_BY_NAME(.ctors.*))
 *(.ctors)
 *crtbegin.o(.dtors)
 *crtbegin?.o(.dtors)
 *(EXCLUDE_FILE(*crtend.o *crtend?.o) .dtors)
 *(SORT_BY_NAME(.dtors.*))
 *(.dtors)
 *(.eh_frame*)
 .eh_frame      0x1000d5b0        0x0 c:/maximsdk/tools/gnutools/10.3/bin/../lib/gcc/arm-none-eabi/10.3.1/thumb/v7e-m+fp/softfp/crtbegin.o
 .eh_frame      0x1000d5b0        0x4 c:/maximsdk/tools/gnutools/10.3/bin/../lib/gcc/arm-none-eabi/10.3.1/thumb/v7e-m+fp/softfp/crtend.o
                0x1000d5b4                _etext = .

.glue_7         0x1000d5b4        0x0
 .glue_7        0x1000d5b4        0x0 linker stubs

.glue_7t        0x1000d5b4        0x0
 .glue_7t       0x1000d5b4        0x0 linker stubs

.vfp11_veneer   0x1000d5b4        0x0
 .vfp11_veneer  0x1000d5b4        0x0 linker stubs

.v4_bx          0x1000d5b4        0x0
 .v4_bx         0x1000d5b4        0x0 linker stubs

.iplt           0x1000d5b4        0x0
 .iplt          0x1000d5b4        0x0 c:/maximsdk/tools/gnutools/10.3/bin/../lib/gcc/arm-none-eabi/10.3.1/thumb/v7e-m+fp/softfp/crtbegin.o

.ARM.extab
 *(.ARM.extab* .gnu.linkonce.armextab.*)

.bin_storage    0x1000d5b4        0x0
 FILL mask 0xff
                0x1000d5b4                _bin_start_ = .
 *(.bin_storage_img)
                0x1000d5b4                _bin_end_ = .
                0x1000d5b4                . = ALIGN (0x4)

.rom_code       0x00000000        0x0
                0x00000000                . = ALIGN (0x10)
                0x20000000                _sran_code = .
 *(.rom_code_section)
                0x20000000                _esran_code = .

.flash_code     0x1000d5b4        0xc
                0x1000d5c0                . = ALIGN (0x10)
 *fill*         0x1000d5b4        0xc 
                0x20000000                _sran_code = .
 *(.flash_code_section)
                0x20000000                _esran_code = .

.sram_code      0x20000000        0x0
                0x20000000                . = ALIGN (0x10)
                0x20000000                _sran_code = .
 *(.sram_code_section)
                0x20000000                _esran_code = .

.ARM.exidx      0x1000d5c0        0x8
                0x1000d5c0                __exidx_start = .
 *(.ARM.exidx* .gnu.linkonce.armexidx.*)
 .ARM.exidx     0x1000d5c0        0x8 c:/maximsdk/tools/gnutools/10.3/bin/../lib/gcc/arm-none-eabi/10.3.1/thumb/v7e-m+fp/softfp\libgcc.a(_udivmoddi4.o)
                0x1000d5c8                __exidx_end = .

.rel.dyn        0x1000d5c8        0x0
 .rel.iplt      0x1000d5c8        0x0 c:/maximsdk/tools/gnutools/10.3/bin/../lib/gcc/arm-none-eabi/10.3.1/thumb/v7e-m+fp/softfp/crtbegin.o

.data           0x20000000      0x9fc load address 0x1000d5c8
                0x20000000                _data = ALIGN (., 0x4)
 *(vtable)
 *(.data*)
 .data.ConsoleUART
                0x20000000        0x4 c:/Users/Ian/Documents/Github/Senior_Design/RTOS/build/main.o
                0x20000000                ConsoleUART
 .data.disable_tickless
                0x20000004        0x4 c:/Users/Ian/Documents/Github/Senior_Design/RTOS/build/main.o
                0x20000004                disable_tickless
 .data.uart_cts
                0x20000008        0xc c:/Users/Ian/Documents/Github/Senior_Design/RTOS/build/main.o
                0x20000008                uart_cts
 .data.uart_rts
                0x20000014        0xc c:/Users/Ian/Documents/Github/Senior_Design/RTOS/build/main.o
                0x20000014                uart_rts
 .data.ConsoleUart
                0x20000020        0x4 c:/Users/Ian/Documents/Github/Senior_Design/RTOS/build/board.o
                0x20000020                ConsoleUart
 .data.pxLastCommandInList.2
                0x20000024        0x4 c:/Users/Ian/Documents/Github/Senior_Design/RTOS/build/FreeRTOS_CLI.o
 .data.xRegisteredCommands
                0x20000028        0x8 c:/Users/Ian/Documents/Github/Senior_Design/RTOS/build/FreeRTOS_CLI.o
 .data.overflows
                0x20000030        0x4 C:/MaximSDK/Libraries/PeriphDrivers/bin/MAX78000/softfp/libPeriphDriver_softfp.a(mxc_delay.o)
 .data.uxTopUsedPriority
                0x20000034        0x4 c:/Users/Ian/Documents/Github/Senior_Design/RTOS/build/FreeRTOS/librtos.a(tasks.o)
                0x20000034                uxTopUsedPriority
 .data.uxCriticalNesting
                0x20000038        0x4 c:/Users/Ian/Documents/Github/Senior_Design/RTOS/build/FreeRTOS/librtos.a(port.o)
 .data.xFreeBytesRemaining
                0x2000003c        0x4 c:/Users/Ian/Documents/Github/Senior_Design/RTOS/build/FreeRTOS/librtos.a(heap_2.o)
 .data._impure_ptr
                0x20000040        0x4 c:/maximsdk/tools/gnutools/10.3/bin/../lib/gcc/arm-none-eabi/10.3.1/../../../../arm-none-eabi/lib/thumb/v7e-m+fp/softfp\libc.a(lib_a-impure.o)
                0x20000040                _impure_ptr
 *fill*         0x20000044        0x4 
 .data.impure_data
                0x20000048      0x428 c:/maximsdk/tools/gnutools/10.3/bin/../lib/gcc/arm-none-eabi/10.3.1/../../../../arm-none-eabi/lib/thumb/v7e-m+fp/softfp\libc.a(lib_a-impure.o)
 .data.__malloc_av_
                0x20000470      0x408 c:/maximsdk/tools/gnutools/10.3/bin/../lib/gcc/arm-none-eabi/10.3.1/../../../../arm-none-eabi/lib/thumb/v7e-m+fp/softfp\libc.a(lib_a-mallocr.o)
                0x20000470                __malloc_av_
 .data.__malloc_sbrk_base
                0x20000878        0x4 c:/maximsdk/tools/gnutools/10.3/bin/../lib/gcc/arm-none-eabi/10.3.1/../../../../arm-none-eabi/lib/thumb/v7e-m+fp/softfp\libc.a(lib_a-mallocr.o)
                0x20000878                __malloc_sbrk_base
 .data.__malloc_trim_threshold
                0x2000087c        0x4 c:/maximsdk/tools/gnutools/10.3/bin/../lib/gcc/arm-none-eabi/10.3.1/../../../../arm-none-eabi/lib/thumb/v7e-m+fp/softfp\libc.a(lib_a-mallocr.o)
                0x2000087c                __malloc_trim_threshold
 .data.__atexit_recursive_mutex
                0x20000880        0x4 c:/maximsdk/tools/gnutools/10.3/bin/../lib/gcc/arm-none-eabi/10.3.1/../../../../arm-none-eabi/lib/thumb/v7e-m+fp/softfp\libc.a(lib_a-__call_atexit.o)
                0x20000880                __atexit_recursive_mutex
 .data.__global_locale
                0x20000884      0x16c c:/maximsdk/tools/gnutools/10.3/bin/../lib/gcc/arm-none-eabi/10.3.1/../../../../arm-none-eabi/lib/thumb/v7e-m+fp/softfp\libc.a(lib_a-locale.o)
                0x20000884                __global_locale
 *(.flashprog*)
                0x200009f0                . = ALIGN (0x4)
                0x200009f0                PROVIDE (__preinit_array_start = .)
 *(.preinit_array)
                0x200009f0                PROVIDE (__preinit_array_end = .)
                0x200009f0                . = ALIGN (0x4)
                0x200009f0                PROVIDE (__init_array_start = .)
 *(SORT_BY_NAME(.init_array.*))
 .init_array.00000
                0x200009f0        0x4 c:/maximsdk/tools/gnutools/10.3/bin/../lib/gcc/arm-none-eabi/10.3.1/../../../../arm-none-eabi/lib/thumb/v7e-m+fp/softfp\libc.a(lib_a-__call_atexit.o)
 *(.init_array)
 .init_array    0x200009f4        0x4 c:/maximsdk/tools/gnutools/10.3/bin/../lib/gcc/arm-none-eabi/10.3.1/thumb/v7e-m+fp/softfp/crtbegin.o
                0x200009f8                PROVIDE (__init_array_end = .)
                0x200009f8                . = ALIGN (0x4)
                0x200009f8                PROVIDE (__fini_array_start = .)
 *(SORT_BY_NAME(.fini_array.*))
 *(.fini_array)
 .fini_array    0x200009f8        0x4 c:/maximsdk/tools/gnutools/10.3/bin/../lib/gcc/arm-none-eabi/10.3.1/thumb/v7e-m+fp/softfp/crtbegin.o
                0x200009fc                PROVIDE (__fini_array_end = .)
                0x200009fc                _edata = ALIGN (., 0x4)
                0x1000d5c8                __load_data = LOADADDR (.data)

.igot.plt       0x200009fc        0x0 load address 0x1000dfc4
 .igot.plt      0x200009fc        0x0 c:/maximsdk/tools/gnutools/10.3/bin/../lib/gcc/arm-none-eabi/10.3.1/thumb/v7e-m+fp/softfp/crtbegin.o

.bss            0x200009fc     0x6e00 load address 0x1000dfc4
                0x200009fc                . = ALIGN (0x4)
                0x200009fc                _bss = .
 *(.bss*)
 .bss           0x200009fc       0x1c c:/maximsdk/tools/gnutools/10.3/bin/../lib/gcc/arm-none-eabi/10.3.1/thumb/v7e-m+fp/softfp/crtbegin.o
 .bss.lParameterNumber.0
                0x20000a18        0x4 c:/Users/Ian/Documents/Github/Senior_Design/RTOS/build/CLI-commands.o
 .bss.lParameterNumber.1
                0x20000a1c        0x4 c:/Users/Ian/Documents/Github/Senior_Design/RTOS/build/CLI-commands.o
 .bss.wutSnooze
                0x20000a20        0x4 c:/Users/Ian/Documents/Github/Senior_Design/RTOS/build/freertos_tickless.o
 .bss.wutSnoozeValid
                0x20000a24        0x4 c:/Users/Ian/Documents/Github/Senior_Design/RTOS/build/freertos_tickless.o
 .bss.cmd_task_id
                0x20000a28        0x4 c:/Users/Ian/Documents/Github/Senior_Design/RTOS/build/main.o
                0x20000a28                cmd_task_id
 .bss.xGPIOmutex
                0x20000a2c        0x4 c:/Users/Ian/Documents/Github/Senior_Design/RTOS/build/main.o
                0x20000a2c                xGPIOmutex
 .bss.blen_pin  0x20000a30        0xc c:/Users/Ian/Documents/Github/Senior_Design/RTOS/build/tft_ssd2119.o
 .bss.g_spi_gpio
                0x20000a3c        0xc c:/Users/Ian/Documents/Github/Senior_Design/RTOS/build/tft_ssd2119.o
 .bss.reset_pin
                0x20000a48        0xc c:/Users/Ian/Documents/Github/Senior_Design/RTOS/build/tft_ssd2119.o
 .bss.spi       0x20000a54        0x4 c:/Users/Ian/Documents/Github/Senior_Design/RTOS/build/tft_ssd2119.o